
[1m[46m RUN [49m[22m [36mv4.0.18 [39m[90mC:/Mes Sites Web/Site_web_PROQUELEC-main[39m

node.exe : [90mstderr[2m | 
src/components/admin/__tests__/AdvancedPageEditorSync.test.tsx[2m > 
[22m[2mAdvancedPageEditorSync - Synchronisation Bidirectionnelle[2m > 
[22m[2mConvertisseurs de format[2m > [22m[2mjsonToContentBlocks: gère le 
JSON invalide gracieux
Au caractère Ligne:1 : 1
+ & "C:\Program Files\nodejs/node.exe" "C:\Program Files\nodejs/node_mo ...
+ ~~~~~~~~~~~~~~~~~~~~~~~~~~~~~~~~~~~~~~~~~~~~~~~~~~~~~~~~~~~~~~~~~~~~~
    + CategoryInfo          : NotSpecified: ([90mstderr[2m...valide gracieux:St 
   ring) [], RemoteException
    + FullyQualifiedErrorId : NativeCommandError
 
[22m[39mError parsing JSON: SyntaxError: Expected property name or '}' in JSON 
at position 2 (line 1 column 3)
    at JSON.parse (<anonymous>)
    at jsonToContentBlocks (C:/Mes Sites 
Web/Site_web_PROQUELEC-main/src/hooks/useBidirectionalSync.ts:292:25)
    at C:/Mes Sites Web/Site_web_PROQUELEC-main/src/components/admin/__tests__/Adv
ancedPageEditorSync.test.tsx:102:22
    at [90mfile:///C:/Mes%20Sites%20Web/Site_web_PROQUELEC-main/[39mnode_modules
/[4m@vitest[24m/runner/dist/index.js:145:11
    at [90mfile:///C:/Mes%20Sites%20Web/Site_web_PROQUELEC-main/[39mnode_modules
/[4m@vitest[24m/runner/dist/index.js:915:26
    at [90mfile:///C:/Mes%20Sites%20Web/Site_web_PROQUELEC-main/[39mnode_modules
/[4m@vitest[24m/runner/dist/index.js:1243:20
    at new Promise (<anonymous>)
    at runWithTimeout [90m(file:///C:/Mes%20Sites%20Web/Site_web_PROQUELEC-main/
[39mnode_modules/[4m@vitest[24m/runner/dist/index.js:1209:10[90m)[39m
    at [90mfile:///C:/Mes%20Sites%20Web/Site_web_PROQUELEC-main/[39mnode_modules
/[4m@vitest[24m/runner/dist/index.js:1653:37
    at Traces.$ [90m(file:///C:/Mes%20Sites%20Web/Site_web_PROQUELEC-main/[39mno
de_modules/[4mvitest[24m/dist/chunks/traces.CCmnQaNT.js:142:27[90m)[39m

[90mstdout[2m | src/components/admin/__tests__/AdvancedPageEditorSync.test.tsx[2m > [22m[2mAdvancedPageEditorSync - Synchronisation Bidirectionnelle[2m > [22m[2mRendu du composant[2m > [22m[2mRend tous les onglets
[22m[39m[DEBUG] Rendering AdvancedPageEditorSync { pageId: [32m'test-1'[39m, activeTab: [32m'visual'[39m }

[90mstdout[2m | src/components/admin/__tests__/AdvancedPageEditorSync.test.tsx[2m > [22m[2mAdvancedPageEditorSync - Synchronisation Bidirectionnelle[2m > [22m[2mRendu du composant[2m > [22m[2mAffiche le contenu initial
[22m[39m[DEBUG] Rendering AdvancedPageEditorSync { pageId: [32m'test-1'[39m, activeTab: [32m'visual'[39m }

[90mstdout[2m | src/components/admin/__tests__/AdvancedPageEditorSync.test.tsx[2m > [22m[2mAdvancedPageEditorSync - Synchronisation Bidirectionnelle[2m > [22m[2mRendu du composant[2m > [22m[2mOnglet HTML affiche le contenu HTML
[22m[39m[DEBUG] Rendering AdvancedPageEditorSync { pageId: [32m'test-1'[39m, activeTab: [32m'visual'[39m }

[90mstdout[2m | src/components/admin/__tests__/AdvancedPageEditorSync.test.tsx[2m > [22m[2mAdvancedPageEditorSync - Synchronisation Bidirectionnelle[2m > [22m[2mRendu du composant[2m > [22m[2mOnglet HTML affiche le contenu HTML
[22m[39m[DEBUG] Rendering AdvancedPageEditorSync { pageId: [32m'test-1'[39m, activeTab: [32m'visual'[39m }

[90mstdout[2m | src/components/admin/__tests__/AdvancedPageEditorSync.test.tsx[2m > [22m[2mAdvancedPageEditorSync - Synchronisation Bidirectionnelle[2m > [22m[2mRendu du composant[2m > [22m[2mOnglet JSON affiche le contenu JSON
[22m[39m[DEBUG] Rendering AdvancedPageEditorSync { pageId: [32m'test-1'[39m, activeTab: [32m'visual'[39m }

[90mstdout[2m | src/components/admin/__tests__/AdvancedPageEditorSync.test.tsx[2m > [22m[2mAdvancedPageEditorSync - Synchronisation Bidirectionnelle[2m > [22m[2mRendu du composant[2m > [22m[2mOnglet JSON affiche le contenu JSON
[22m[39m[DEBUG] Rendering AdvancedPageEditorSync { pageId: [32m'test-1'[39m, activeTab: [32m'visual'[39m }

[90mstdout[2m | src/components/admin/__tests__/AdvancedPageEditorSync.test.tsx[2m > [22m[2mAdvancedPageEditorSync - Synchronisation Bidirectionnelle[2m > [22m[2mRendu du composant[2m > [22m[2mOnglet Formulaire affiche les champs texte
[22m[39m[DEBUG] Rendering AdvancedPageEditorSync { pageId: [32m'test-1'[39m, activeTab: [32m'visual'[39m }

[90mstdout[2m | src/components/admin/__tests__/AdvancedPageEditorSync.test.tsx[2m > [22m[2mAdvancedPageEditorSync - Synchronisation Bidirectionnelle[2m > [22m[2mRendu du composant[2m > [22m[2mOnglet Formulaire affiche les champs texte
[22m[39m[DEBUG] Rendering AdvancedPageEditorSync { pageId: [32m'test-1'[39m, activeTab: [32m'visual'[39m }

[90mstdout[2m | src/components/admin/__tests__/AdvancedPageEditorSync.test.tsx[2m > [22m[2mAdvancedPageEditorSync - Synchronisation Bidirectionnelle[2m > [22m[2mSynchronisation HTML → JSON[2m > [22m[2mModification du HTML met à jour le JSON
[22m[39m[DEBUG] Rendering AdvancedPageEditorSync { pageId: [32m'test-1'[39m, activeTab: [32m'visual'[39m }

[90mstdout[2m | src/components/admin/__tests__/AdvancedPageEditorSync.test.tsx[2m > [22m[2mAdvancedPageEditorSync - Synchronisation Bidirectionnelle[2m > [22m[2mSynchronisation HTML → JSON[2m > [22m[2mModification du HTML met à jour le JSON
[22m[39m[DEBUG] Rendering AdvancedPageEditorSync { pageId: [32m'test-1'[39m, activeTab: [32m'html'[39m }

[90mstdout[2m | src/components/admin/__tests__/AdvancedPageEditorSync.test.tsx[2m > [22m[2mAdvancedPageEditorSync - Synchronisation Bidirectionnelle[2m > [22m[2mSynchronisation HTML → JSON[2m > [22m[2mModification du HTML met à jour le JSON
[22m[39m[DEBUG] Rendering AdvancedPageEditorSync { pageId: [32m'test-1'[39m, activeTab: [32m'html'[39m }

[90mstdout[2m | src/components/admin/__tests__/AdvancedPageEditorSync.test.tsx[2m > [22m[2mAdvancedPageEditorSync - Synchronisation Bidirectionnelle[2m > [22m[2mSynchronisation HTML → JSON[2m > [22m[2mModification du HTML met à jour le JSON
[22m[39m[DEBUG] Rendering AdvancedPageEditorSync { pageId: [32m'test-1'[39m, activeTab: [32m'json'[39m }

[90mstdout[2m | src/components/admin/__tests__/AdvancedPageEditorSync.test.tsx[2m > [22m[2mAdvancedPageEditorSync - Synchronisation Bidirectionnelle[2m > [22m[2mSynchronisation JSON → HTML[2m > [22m[2mModification du JSON met à jour le HTML
[22m[39m[DEBUG] Rendering AdvancedPageEditorSync { pageId: [32m'test-1'[39m, activeTab: [32m'visual'[39m }

[90mstdout[2m | src/components/admin/__tests__/AdvancedPageEditorSync.test.tsx[2m > [22m[2mAdvancedPageEditorSync - Synchronisation Bidirectionnelle[2m > [22m[2mSynchronisation JSON → HTML[2m > [22m[2mModification du JSON met à jour le HTML
[22m[39m[DEBUG] Rendering AdvancedPageEditorSync { pageId: [32m'test-1'[39m, activeTab: [32m'json'[39m }

[90mstdout[2m | src/components/admin/__tests__/AdvancedPageEditorSync.test.tsx[2m > [22m[2mAdvancedPageEditorSync - Synchronisation Bidirectionnelle[2m > [22m[2mSynchronisation JSON → HTML[2m > [22m[2mModification du JSON met à jour le HTML
[22m[39m[DEBUG] Rendering AdvancedPageEditorSync { pageId: [32m'test-1'[39m, activeTab: [32m'json'[39m }

[90mstdout[2m | src/components/admin/__tests__/AdvancedPageEditorSync.test.tsx[2m > [22m[2mAdvancedPageEditorSync - Synchronisation Bidirectionnelle[2m > [22m[2mSynchronisation Formulaire → HTML[2m > [22m[2mModification du titre met à jour le HTML
[22m[39m[DEBUG] Rendering AdvancedPageEditorSync { pageId: [32m'test-1'[39m, activeTab: [32m'visual'[39m }

[90mstdout[2m | src/components/admin/__tests__/AdvancedPageEditorSync.test.tsx[2m > [22m[2mAdvancedPageEditorSync - Synchronisation Bidirectionnelle[2m > [22m[2mSynchronisation Formulaire → HTML[2m > [22m[2mModification du titre met à jour le HTML
[22m[39m[DEBUG] Rendering AdvancedPageEditorSync { pageId: [32m'test-1'[39m, activeTab: [32m'visual'[39m }

[90mstdout[2m | src/components/admin/__tests__/AdvancedPageEditorSync.test.tsx[2m > [22m[2mAdvancedPageEditorSync - Synchronisation Bidirectionnelle[2m > [22m[2mSynchronisation Formulaire → HTML[2m > [22m[2mModification du titre met à jour le HTML
[22m[39m[DEBUG] Rendering AdvancedPageEditorSync { pageId: [32m'test-1'[39m, activeTab: [32m'visual'[39m }

[90mstdout[2m | src/components/admin/__tests__/AdvancedPageEditorSync.test.tsx[2m > [22m[2mAdvancedPageEditorSync - Synchronisation Bidirectionnelle[2m > [22m[2mAperçu en temps réel[2m > [22m[2mL'aperçu affiche le HTML en temps réel
[22m[39m[DEBUG] Rendering AdvancedPageEditorSync { pageId: [32m'test-1'[39m, activeTab: [32m'visual'[39m }

[90mstdout[2m | src/components/admin/__tests__/AdvancedPageEditorSync.test.tsx[2m > [22m[2mAdvancedPageEditorSync - Synchronisation Bidirectionnelle[2m > [22m[2mAuto-save[2m > [22m[2mDéclenche la sauvegarde après inactivité
[22m[39m[DEBUG] Rendering AdvancedPageEditorSync { pageId: [32m'test-1'[39m, activeTab: [32m'visual'[39m }

[90mstdout[2m | src/components/admin/__tests__/AdvancedPageEditorSync.test.tsx[2m > [22m[2mAdvancedPageEditorSync - Synchronisation Bidirectionnelle[2m > [22m[2mAuto-save[2m > [22m[2mDéclenche la sauvegarde après inactivité
[22m[39m[DEBUG] Rendering AdvancedPageEditorSync { pageId: [32m'test-1'[39m, activeTab: [32m'visual'[39m }

[90mstdout[2m | src/components/admin/__tests__/AdvancedPageEditorSync.test.tsx[2m > [22m[2mAdvancedPageEditorSync - Synchronisation Bidirectionnelle[2m > [22m[2mAuto-save[2m > [22m[2mDéclenche la sauvegarde après inactivité
[22m[39m[DEBUG] Rendering AdvancedPageEditorSync { pageId: [32m'test-1'[39m, activeTab: [32m'visual'[39m }

[90mstdout[2m | src/components/admin/__tests__/AdvancedPageEditorSync.test.tsx[2m > [22m[2mAdvancedPageEditorSync - Synchronisation Bidirectionnelle[2m > [22m[2mGestion d'erreurs[2m > [22m[2mAffiche un avertissement si JSON est invalide
[22m[39m[DEBUG] Rendering AdvancedPageEditorSync { pageId: [32m'test-1'[39m, activeTab: [32m'visual'[39m }

[90mstdout[2m | src/components/admin/__tests__/AdvancedPageEditorSync.test.tsx[2m > [22m[2mAdvancedPageEditorSync - Synchronisation Bidirectionnelle[2m > [22m[2mGestion d'erreurs[2m > [22m[2mAffiche un avertissement si JSON est invalide
[22m[39m[DEBUG] Rendering AdvancedPageEditorSync { pageId: [32m'test-1'[39m, activeTab: [32m'json'[39m }

[90mstderr[2m | 
src/components/admin/__tests__/AdvancedPageEditorSync.test.tsx[2m > 
[22m[2mAdvancedPageEditorSync - Synchronisation Bidirectionnelle[2m > 
[22m[2mGestion d'erreurs[2m > [22m[2mAffiche un avertissement si JSON est 
invalide
[22m[39mError parsing JSON: SyntaxError: Expected property name or '}' in JSON 
at position 2 (line 1 column 3)
    at JSON.parse (<anonymous>)
    at jsonToContentBlocks (C:/Mes Sites 
Web/Site_web_PROQUELEC-main/src/hooks/useBidirectionalSync.ts:292:25)
    at Object.handleJsonChange (C:/Mes Sites 
Web/Site_web_PROQUELEC-main/src/hooks/useBidirectionalSync.ts:351:22)
    at Object.onChange (C:/Mes Sites Web/Site_web_PROQUELEC-main/src/components/ad
min/AdvancedPageEditorSync.tsx:255:53)
    at onChange (C:/Mes Sites 
Web/Site_web_PROQUELEC-main/src/tests/setup.ts:69:37)
    at HTMLUnknownElement.callCallback [90m(C:\Mes Sites Web\Site_web_PROQUELEC-m
ain\[39mnode_modules\[4mreact-dom[24m\cjs\react-dom.development.js:4164:14[90m
)[39m
    at HTMLUnknownElement.callTheUserObjectsOperation [90m(C:\Mes Sites Web\Site_
web_PROQUELEC-main\[39mnode_modules\[4mjsdom[24m\lib\jsdom\living\generated\Eve
ntListener.js:26:30[90m)[39m
    at innerInvokeEventListeners [90m(C:\Mes Sites Web\Site_web_PROQUELEC-main\[
39mnode_modules\[4mjsdom[24m\lib\jsdom\living\events\EventTarget-impl.js:360:16
[90m)[39m
    at invokeEventListeners [90m(C:\Mes Sites Web\Site_web_PROQUELEC-main\[39mno
de_modules\[4mjsdom[24m\lib\jsdom\living\events\EventTarget-impl.js:296:3[90m)
[39m
    at HTMLUnknownElementImpl._dispatch [90m(C:\Mes Sites Web\Site_web_PROQUELEC-
main\[39mnode_modules\[4mjsdom[24m\lib\jsdom\living\events\EventTarget-impl.js:
243:9[90m)[39m

[90mstdout[2m | src/components/admin/__tests__/AdvancedPageEditorSync.test.tsx[2m > [22m[2mAdvancedPageEditorSync - Synchronisation Bidirectionnelle[2m > [22m[2mGestion d'erreurs[2m > [22m[2mAffiche un avertissement si JSON est invalide
[22m[39m[DEBUG] Rendering AdvancedPageEditorSync { pageId: [32m'test-1'[39m, activeTab: [32m'json'[39m }

 [31m❯[39m src/components/admin/__tests__/AdvancedPageEditorSync.test.tsx [2m([22m[2m23 tests[22m[2m | [22m[31m7 failed[39m[2m)[22m[33m 6720[2mms[22m[39m
       [32m✓[39m htmlToContentBlocks: convertit HTML simple en blocs[32m 8[2mms[22m[39m
       [32m✓[39m htmlToContentBlocks: gère les attributs HTML[32m 3[2mms[22m[39m
       [32m✓[39m htmlToContentBlocks: gère les images[32m 2[2mms[22m[39m
       [32m✓[39m contentBlocksToHtml: convertit les blocs en HTML valide[32m 1[2mms[22m[39m
       [32m✓[39m Conversion symétrique: HTML → Blocs → HTML[32m 2[2mms[22m[39m
       [32m✓[39m jsonToContentBlocks: parse le JSON valide[32m 0[2mms[22m[39m
       [32m✓[39m jsonToContentBlocks: gère le JSON invalide gracieux[32m 7[2mms[22m[39m
       [32m✓[39m Gère le HTML vide[32m 0[2mms[22m[39m
       [32m✓[39m Gère le HTML complexe avec imbrication[32m 4[2mms[22m[39m
       [33m[2m✓[22m[39m Rend tous les onglets [33m 369[2mms[22m[39m
[31m       [31m×[31m Affiche le contenu initial[39m[32m 45[2mms[22m[39m
[31m       [31m×[31m Onglet HTML affiche le contenu HTML[39m[33m 1122[2mms[22m[39m
[31m       [31m×[31m Onglet JSON affiche le contenu JSON[39m[33m 1117[2mms[22m[39m
[31m       [31m×[31m Onglet Formulaire affiche les champs texte[39m[33m 1121[2mms[22m[39m
       [32m✓[39m Modification du HTML met à jour le JSON[32m 229[2mms[22m[39m
       [32m✓[39m Modification du JSON met à jour le HTML[32m 194[2mms[22m[39m
[31m       [31m×[31m Modification du titre met à jour le HTML[39m[33m 1119[2mms[22m[39m
[31m       [31m×[31m L'aperçu affiche le HTML en temps réel[39m[32m 126[2mms[22m[39m
[31m       [31m×[31m Déclenche la sauvegarde après inactivité[39m[33m 1121[2mms[22m[39m
       [32m✓[39m Affiche un avertissement si JSON est invalide[32m 112[2mms[22m[39m
       [32m✓[39m Gère le HTML malformé gracieux[32m 2[2mms[22m[39m
       [32m✓[39m htmlToContentBlocks complète en <100ms[32m 10[2mms[22m[39m
       [32m✓[39m contentBlocksToHtml complète en <100ms[32m 0[2mms[22m[39m

[31m⎯⎯⎯⎯⎯⎯⎯[39m[1m[41m Failed Tests 7 [49m[22m[31m⎯⎯⎯⎯⎯⎯⎯[39m

[41m[1m FAIL [22m[49m 
src/components/admin/__tests__/AdvancedPageEditorSync.test.tsx[2m > 
[22mAdvancedPageEditorSync - Synchronisation Bidirectionnelle[2m > [22mRendu 
du composant[2m > [22mAffiche le contenu initial
[31m[1mTestingLibraryElementError[22m[39m: Unable to find an element with the 
display value: Page de Test.

Ignored nodes: comments, script, style
[36m<body[39m
  [33mstyle[39m=[32m"font-family: Roboto;"[39m
[36m>[39m
  [36m<div>[39m
    [36m<div[39m
      [33mclass[39m=[32m"flex flex-col h-[calc(100vh-100px)] gap-4"[39m
    [36m>[39m
      [36m<div[39m
        [33mclass[39m=[32m"flex items-center justify-between p-4 
bg-gradient-to-r from-blue-50 to-indigo-50 border-b"[39m
      [36m>[39m
        [36m<div[39m
          [33mclass[39m=[32m"flex items-center gap-4"[39m
        [36m>[39m
          [36m<h2[39m
            [33mclass[39m=[32m"text-xl font-bold"[39m
          [36m>[39m
            [0mPage de Test[0m
          [36m</h2>[39m
          [36m<div[39m
            [33mclass[39m=[32m"inline-flex items-center rounded-full border 
px-2.5 py-0.5 text-xs font-semibold transition-colors focus:outline-none 
focus:ring-2 focus:ring-ring focus:ring-offset-2 text-foreground"[39m
          [36m>[39m
            [0mNon modifié[0m
          [36m</div>[39m
        [36m</div>[39m
        [36m<div[39m
          [33mclass[39m=[32m"flex items-center gap-2"[39m
        [36m>[39m
          [36m<div[39m
            [33mclass[39m=[32m"flex items-center gap-2 mr-4"[39m
          [36m>[39m
            [36m<input[39m
              [33mchecked[39m=[32m""[39m
              [33mclass[39m=[32m"rounded"[39m
              [33mid[39m=[32m"auto-sync"[39m
              [33mtype[39m=[32m"checkbox"[39m
            [36m/>[39m
            [36m<label[39m
              [33mclass[39m=[32m"text-sm cursor-pointer"[39m
              [33mfor[39m=[32m"auto-sync"[39m
            [36m>[39m
              [0mAuto-sync[0m
            [36m</label>[39m
          [36m</div>[39m
          [36m<button[39m
            [33mclass[39m=[32m"inline-flex items-center justify-center gap-2 
whitespace-nowrap rounded-md text-sm font-medium ring-offset-background 
transition-colors focus-visible:outline-none focus-visible:ring-2 
focus-visible:ring-ring focus-visible:ring-offset-2 disabled:pointer-events-none 
disabled:opacity-50 [&_svg]:pointer-events-none [&_svg]:size-4 [&_svg]:shrink-0 
text-primary-foreground h-10 px-4 py-2 bg-blue-600 hover:bg-blue-700"[39m
          [36m>[39m
            [36m<svg[39m
              [33mclass[39m=[32m"lucide lucide-save w-4 h-4 mr-2"[39m
              [33mfill[39m=[32m"none"[39m
              [33mheight[39m=[32m"24"[39m
              [33mstroke[39m=[32m"currentColor"[39m
              [33mstroke-linecap[39m=[32m"round"[39m
              [33mstroke-linejoin[39m=[32m"round"[39m
              [33mstroke-width[39m=[32m"2"[39m
              [33mviewBox[39m=[32m"0 0 24 24"[39m
              [33mwidth[39m=[32m"24"[39m
              [33mxmlns[39m=[32m"http://www.w3.org/2000/svg"[39m
            [36m>[39m
              [36m<path[39m
                [33md[39m=[32m"M15.2 3a2 2 0 0 1 1.4.6l3.8 3.8a2 2 0 0 1 .6 
1.4V19a2 2 0 0 1-2 2H5a2 2 0 0 1-2-2V5a2 2 0 0 1 2-2z"[39m
              [36m/>[39m
              [36m<path[39m
                [33md[39m=[32m"M17 21v-7a1 1 0 0 0-1-1H8a1 1 0 0 0-1 1v7"[39m
              [36m/>[39m
              [36m<path[39m
                [33md[39m=[32m"M7 3v4a1 1 0 0 0 1 1h7"[39m
              [36m/>[39m
            [36m</svg>[39m
            [0mEnregistrer[0m
          [36m</button>[39m
        [36m</div>[39m
      [36m</div>[39m
      [36m<div[39m
        [33mclass[39m=[32m"flex-1 flex flex-col mx-4 overflow-hidden"[39m
        [33mdata-orientation[39m=[32m"horizontal"[39m
        [33mdir[39m=[32m"ltr"[39m
      [36m>[39m
        [36m<div[39m
          [33maria-orientation[39m=[32m"horizontal"[39m
          [33mclass[39m=[32m"inline-flex h-10 items-center justify-center 
rounded-md p-1 text-muted-foreground mb-2 bg-gray-100"[39m
          [33mdata-orientation[39m=[32m"horizontal"[39m
          [33mrole[39m=[32m"tablist"[39m
          [33mstyle[39m=[32m"outline: none;"[39m
          [33mtabindex[39m=[32m"0"[39m
        [36m>[39m
          [36m<button[39m
            [33maria-controls[39m=[32m"radix-:ra:-content-visual"[39m
            [33maria-selected[39m=[32m"true"[39m
            [33mclass[39m=[32m"inline-flex items-center justify-center 
whitespace-nowrap rounded-sm px-3 py-1.5 text-sm font-medium 
ring-offset-background transition-all focus-visible:outline-none 
focus-visible:ring-2 focus-visible:ring-ring focus-visible:ring-offset-2 
disabled:pointer-events-none disabled:opacity-50 
data-[state=active]:bg-background data-[state=active]:text-foreground 
data-[state=active]:shadow-sm gap-2"[39m
            [33mdata-orientation[39m=[32m"horizontal"[39m
            [33mdata-radix-collection-item[39m=[32m""[39m
            [33mdata-state[39m=[32m"active"[39m
            [33mid[39m=[32m"radix-:ra:-trigger-visual"[39m
            [33mrole[39m=[32m"tab"[39m
            [33mtabindex[39m=[32m"-1"[39m
            [33mtype[39m=[32m"button"[39m
          [36m>[39m
            [36m<svg[39m
              [33mclass[39m=[32m"lucide lucide-eye w-4 h-4"[39m
              [33mfill[39m=[32m"none"[39m
              [33mheight[39m=[32m"24"[39m
              [33mstroke[39m=[32m"currentColor"[39m
              [33mstroke-linecap[39m=[32m"round"[39m
              [33mstroke-linejoin[39m=[32m"round"[39m
              [33mstroke-width[39m=[32m"2"[39m
              [33mviewBox[39m=[32m"0 0 24 24"[39m
              [33mwidth[39m=[32m"24"[39m
              [33mxmlns[39m=[32m"http://www.w3.org/2000/svg"[39m
            [36m>[39m
              [36m<path[39m
                [33md[39m=[32m"M2.062 12.348a1 1 0 0 1 0-.696 10.75 10.75 0 0 
1 19.876 0 1 1 0 0 1 0 .696 10.75 10.75 0 0 1-19.876 0"[39m
              [36m/>[39m
              [36m<circle[39m
                [33mcx[39m=[32m"12"[39m
                [33mcy[39m=[32m"12"[39m
                [33mr[39m=[32m"3"[39m
              [36m/>[39m
            [36m</svg>[39m
            [0m Visuel (Constructeur)[0m
          [36m</button>[39m
          [36m<button[39m
            [33maria-controls[39m=[32m"radix-:ra:-content-html"[39m
            [33maria-selected[39m=[32m"false"[39m
            [33mclass[39m=[32m"inline-flex items-center justify-center 
whitespace-nowrap rounded-sm px-3 py-1.5 text-sm font-medium 
ring-offset-background transition-all focus-visible:outline-none 
focus-visible:ring-2 focus-visible:ring-ring focus-visible:ring-offset-2 
disabled:pointer-events-none disabled:opacity-50 
data-[state=active]:bg-background data-[state=active]:text-foreground 
data-[state=active]:shadow-sm gap-2"[39m
            [33mdata-orientation[39m=[32m"horizontal"[39m
            [33mdata-radix-collection-item[39m=[32m""[39m
            [33mdata-state[39m=[32m"inactive"[39m
            [33mid[39m=[32m"radix-:ra:-trigger-html"[39m
            [33...
[90m [2m❯[22m Object.getElementError 
node_modules/@testing-library/dom/dist/config.js:[2m37:19[22m[39m
[90m [2m❯[22m 
node_modules/@testing-library/dom/dist/query-helpers.js:[2m76:38[22m[39m
[90m [2m❯[22m 
node_modules/@testing-library/dom/dist/query-helpers.js:[2m52:17[22m[39m
[90m [2m❯[22m getByDisplayValue 
node_modules/@testing-library/dom/dist/query-helpers.js:[2m95:19[22m[39m
[36m [2m❯[22m src/components/admin/__tests__/AdvancedPageEditorSync.test.tsx:[
2m151:21[22m[39m
    [90m149| [39m
    [90m150| [39m      [90m// Vérifier que les données initiales sont 
présentes[39m
    [90m151| [39m      expect(screen.getByDisplayValue('Page de 
Test')).toBeInTheDocume…
    [90m   | [39m                    [31m^[39m
    [90m152| [39m      
expect(screen.getByDisplayValue('page-de-test')).toBeInTheDocume…
    [90m153| [39m    })[33m;[39m

[31m[2m⎯⎯⎯⎯⎯⎯⎯⎯⎯⎯⎯⎯⎯⎯⎯⎯⎯⎯⎯⎯⎯⎯⎯⎯[1/7]⎯[22m[39m

[41m[1m FAIL [22m[49m 
src/components/admin/__tests__/AdvancedPageEditorSync.test.tsx[2m > 
[22mAdvancedPageEditorSync - Synchronisation Bidirectionnelle[2m > [22mRendu 
du composant[2m > [22mOnglet HTML affiche le contenu HTML
[31m[1mTestingLibraryElementError[22m[39m: Unable to find an element with the 
display value: <section><h1>Titre Principal</h1><p>Contenu test</p></section>.

Ignored nodes: comments, script, style
[36m<body[39m
  [33mstyle[39m=[32m"font-family: Roboto;"[39m
[36m>[39m
  [36m<div>[39m
    [36m<div[39m
      [33mclass[39m=[32m"flex flex-col h-[calc(100vh-100px)] gap-4"[39m
    [36m>[39m
      [36m<div[39m
        [33mclass[39m=[32m"flex items-center justify-between p-4 
bg-gradient-to-r from-blue-50 to-indigo-50 border-b"[39m
      [36m>[39m
        [36m<div[39m
          [33mclass[39m=[32m"flex items-center gap-4"[39m
        [36m>[39m
          [36m<h2[39m
            [33mclass[39m=[32m"text-xl font-bold"[39m
          [36m>[39m
            [0mPage de Test[0m
          [36m</h2>[39m
          [36m<div[39m
            [33mclass[39m=[32m"inline-flex items-center rounded-full border 
px-2.5 py-0.5 text-xs font-semibold transition-colors focus:outline-none 
focus:ring-2 focus:ring-ring focus:ring-offset-2 text-foreground"[39m
          [36m>[39m
            [0mNon modifié[0m
          [36m</div>[39m
          [36m<div[39m
            [33mclass[39m=[32m"inline-flex items-center rounded-full border 
px-2.5 py-0.5 text-xs font-semibold transition-colors focus:outline-none 
focus:ring-2 focus:ring-ring focus:ring-offset-2 hover:bg-secondary/80 
text-green-600 border-green-200 bg-green-50"[39m
          [36m>[39m
            [36m<svg[39m
              [33mclass[39m=[32m"lucide lucide-circle-check w-3 h-3 mr-1"[39m
              [33mfill[39m=[32m"none"[39m
              [33mheight[39m=[32m"24"[39m
              [33mstroke[39m=[32m"currentColor"[39m
              [33mstroke-linecap[39m=[32m"round"[39m
              [33mstroke-linejoin[39m=[32m"round"[39m
              [33mstroke-width[39m=[32m"2"[39m
              [33mviewBox[39m=[32m"0 0 24 24"[39m
              [33mwidth[39m=[32m"24"[39m
              [33mxmlns[39m=[32m"http://www.w3.org/2000/svg"[39m
            [36m>[39m
              [36m<circle[39m
                [33mcx[39m=[32m"12"[39m
                [33mcy[39m=[32m"12"[39m
                [33mr[39m=[32m"10"[39m
              [36m/>[39m
              [36m<path[39m
                [33md[39m=[32m"m9 12 2 2 4-4"[39m
              [36m/>[39m
            [36m</svg>[39m
            [0mSynchro: [0m
            [0m06:14:03[0m
          [36m</div>[39m
        [36m</div>[39m
        [36m<div[39m
          [33mclass[39m=[32m"flex items-center gap-2"[39m
        [36m>[39m
          [36m<div[39m
            [33mclass[39m=[32m"flex items-center gap-2 mr-4"[39m
          [36m>[39m
            [36m<input[39m
              [33mchecked[39m=[32m""[39m
              [33mclass[39m=[32m"rounded"[39m
              [33mid[39m=[32m"auto-sync"[39m
              [33mtype[39m=[32m"checkbox"[39m
            [36m/>[39m
            [36m<label[39m
              [33mclass[39m=[32m"text-sm cursor-pointer"[39m
              [33mfor[39m=[32m"auto-sync"[39m
            [36m>[39m
              [0mAuto-sync[0m
            [36m</label>[39m
          [36m</div>[39m
          [36m<button[39m
            [33mclass[39m=[32m"inline-flex items-center justify-center gap-2 
whitespace-nowrap rounded-md text-sm font-medium ring-offset-background 
transition-colors focus-visible:outline-none focus-visible:ring-2 
focus-visible:ring-ring focus-visible:ring-offset-2 disabled:pointer-events-none 
disabled:opacity-50 [&_svg]:pointer-events-none [&_svg]:size-4 [&_svg]:shrink-0 
text-primary-foreground h-10 px-4 py-2 bg-blue-600 hover:bg-blue-700"[39m
          [36m>[39m
            [36m<svg[39m
              [33mclass[39m=[32m"lucide lucide-save w-4 h-4 mr-2"[39m
              [33mfill[39m=[32m"none"[39m
              [33mheight[39m=[32m"24"[39m
              [33mstroke[39m=[32m"currentColor"[39m
              [33mstroke-linecap[39m=[32m"round"[39m
              [33mstroke-linejoin[39m=[32m"round"[39m
              [33mstroke-width[39m=[32m"2"[39m
              [33mviewBox[39m=[32m"0 0 24 24"[39m
              [33mwidth[39m=[32m"24"[39m
              [33mxmlns[39m=[32m"http://www.w3.org/2000/svg"[39m
            [36m>[39m
              [36m<path[39m
                [33md[39m=[32m"M15.2 3a2 2 0 0 1 1.4.6l3.8 3.8a2 2 0 0 1 .6 
1.4V19a2 2 0 0 1-2 2H5a2 2 0 0 1-2-2V5a2 2 0 0 1 2-2z"[39m
              [36m/>[39m
              [36m<path[39m
                [33md[39m=[32m"M17 21v-7a1 1 0 0 0-1-1H8a1 1 0 0 0-1 1v7"[39m
              [36m/>[39m
              [36m<path[39m
                [33md[39m=[32m"M7 3v4a1 1 0 0 0 1 1h7"[39m
              [36m/>[39m
            [36m</svg>[39m
            [0mEnregistrer[0m
          [36m</button>[39m
        [36m</div>[39m
      [36m</div>[39m
      [36m<div[39m
        [33mclass[39m=[32m"flex-1 flex flex-col mx-4 overflow-hidden"[39m
        [33mdata-orientation[39m=[32m"horizontal"[39m
        [33mdir[39m=[32m"ltr"[39m
      [36m>[39m
        [36m<div[39m
          [33maria-orientation[39m=[32m"horizontal"[39m
          [33mclass[39m=[32m"inline-flex h-10 items-center justify-center 
rounded-md p-1 text-muted-foreground mb-2 bg-gray-100"[39m
          [33mdata-orientation[39m=[32m"horizontal"[39m
          [33mrole[39m=[32m"tablist"[39m
          [33mstyle[39m=[32m"outline: none;"[39m
          [33mtabindex[39m=[32m"0"[39m
        [36m>[39m
          [36m<button[39m
            [33maria-controls[39m=[32m"radix-:rk:-content-visual"[39m
            [33maria-selected[39m=[32m"true"[39m
            [33mclass[39m=[32m"inline-flex items-center justify-center 
whitespace-nowrap rounded-sm px-3 py-1.5 text-sm font-medium 
ring-offset-background transition-all focus-visible:outline-none 
focus-visible:ring-2 focus-visible:ring-ring focus-visible:ring-offset-2 
disabled:pointer-events-none disabled:opacity-50 
data-[state=active]:bg-background data-[state=active]:text-foreground 
data-[state=active]:shadow-sm gap-2"[39m
            [33mdata-orientation[39m=[32m"horizontal"[39m
            [33mdata-radix-collection-item[39m=[32m""[39m
            [33mdata-state[39m=[32m"active"[39m
            [33mid[39m=[32m"radix-:rk:-trigger-visual"[39m
            [33mrole[39m=[32m"tab"[39m
            [33mtabindex[39m=[32m"-1"[39m
            [33mtype[39m=[32m"button"[39m
          [36m>[39m
            [36m<svg[39m
              [33mclass[39m=[32m"lucide lucide-eye w-4 h-4"[39m
              [33mfill[39m=[32m"none"[39m
              [33mheight[39m=[32m"24"[39m
              [33mstroke[39m=[32m"currentColor"[39m
              [33mstroke-linecap[39m=[32m"round"[39m
              [33mstroke-linejoin[39m=[32m"round"[39m
              [33mstroke-width[39m=[32m"2"[39m
              [33mviewBox[39m=[32m"0 0 24 24"[39m
              [33mwidth[39m=[32m"24"[39m
              [33mxmlns[39m=[32m"http://www.w3.org/2000/svg"[39m
      ...

Ignored nodes: comments, script, style
[36m<html[39m
  [33mstyle[39m=[32m"--color-proqblue: #2376df; --color-proqblue-dark: 
#054393; --color-accent: #1a73e8; --color-background: #f8f9fa; --color-text: 
#333333;"[39m
[36m>[39m
  [36m<head>[39m
    [36m<title>[39m
      [0mPROQUELEC SENEGAL[0m
    [36m</title>[39m
  [36m</head>[39m
  [36m<body[39m
    [33mstyle[39m=[32m"font-family: Roboto;"[39m
  [36m>[39m
    [36m<div>[39m
      [36m<div[39m
        [33mclass[39m=[32m"flex flex-col h-[calc(100vh-100px)] gap-4"[39m
      [36m>[39m
        [36m<div[39m
          [33mclass[39m=[32m"flex items-center justify-between p-4 
bg-gradient-to-r from-blue-50 to-indigo-50 border-b"[39m
        [36m>[39m
          [36m<div[39m
            [33mclass[39m=[32m"flex items-center gap-4"[39m
          [36m>[39m
            [36m<h2[39m
              [33mclass[39m=[32m"text-xl font-bold"[39m
            [36m>[39m
              [0mPage de Test[0m
            [36m</h2>[39m
            [36m<div[39m
              [33mclass[39m=[32m"inline-flex items-center rounded-full border 
px-2.5 py-0.5 text-xs font-semibold transition-colors focus:outline-none 
focus:ring-2 focus:ring-ring focus:ring-offset-2 text-foreground"[39m
            [36m>[39m
              [0mNon modifié[0m
            [36m</div>[39m
            [36m<div[39m
              [33mclass[39m=[32m"inline-flex items-center rounded-full border 
px-2.5 py-0.5 text-xs font-semibold transition-colors focus:outline-none 
focus:ring-2 focus:ring-ring focus:ring-offset-2 hover:bg-secondary/80 
text-green-600 border-green-200 bg-green-50"[39m
            [36m>[39m
              [36m<svg[39m
                [33mclass[39m=[32m"lucide lucide-circle-check w-3 h-3 
mr-1"[39m
                [33mfill[39m=[32m"none"[39m
                [33mheight[39m=[32m"24"[39m
                [33mstroke[39m=[32m"currentColor"[39m
                [33mstroke-linecap[39m=[32m"round"[39m
                [33mstroke-linejoin[39m=[32m"round"[39m
                [33mstroke-width[39m=[32m"2"[39m
                [33mviewBox[39m=[32m"0 0 24 24"[39m
                [33mwidth[39m=[32m"24"[39m
                [33mxmlns[39m=[32m"http://www.w3.org/2000/svg"[39m
              [36m>[39m
                [36m<circle[39m
                  [33mcx[39m=[32m"12"[39m
                  [33mcy[39m=[32m"12"[39m
                  [33mr[39m=[32m"10"[39m
                [36m/>[39m
                [36m<path[39m
                  [33md[39m=[32m"m9 12 2 2 4-4"[39m
                [36m/>[39m
              [36m</svg>[39m
              [0mSynchro: [0m
              [0m06:14:03[0m
            [36m</div>[39m
          [36m</div>[39m
          [36m<div[39m
            [33mclass[39m=[32m"flex items-center gap-2"[39m
          [36m>[39m
            [36m<div[39m
              [33mclass[39m=[32m"flex items-center gap-2 mr-4"[39m
            [36m>[39m
              [36m<input[39m
                [33mchecked[39m=[32m""[39m
                [33mclass[39m=[32m"rounded"[39m
                [33mid[39m=[32m"auto-sync"[39m
                [33mtype[39m=[32m"checkbox"[39m
              [36m/>[39m
              [36m<label[39m
                [33mclass[39m=[32m"text-sm cursor-pointer"[39m
                [33mfor[39m=[32m"auto-sync"[39m
              [36m>[39m
                [0mAuto-sync[0m
              [36m</label>[39m
            [36m</div>[39m
            [36m<button[39m
              [33mclass[39m=[32m"inline-flex items-center justify-center gap-2 
whitespace-nowrap rounded-md text-sm font-medium ring-offset-background 
transition-colors focus-visible:outline-none focus-visible:ring-2 
focus-visible:ring-ring focus-visible:ring-offset-2 disabled:pointer-events-none 
disabled:opacity-50 [&_svg]:pointer-events-none [&_svg]:size-4 [&_svg]:shrink-0 
text-primary-foreground h-10 px-4 py-2 bg-blue-600 hover:bg-blue-700"[39m
            [36m>[39m
              [36m<svg[39m
                [33mclass[39m=[32m"lucide lucide-save w-4 h-4 mr-2"[39m
                [33mfill[39m=[32m"none"[39m
                [33mheight[39m=[32m"24"[39m
                [33mstroke[39m=[32m"currentColor"[39m
                [33mstroke-linecap[39m=[32m"round"[39m
                [33mstroke-linejoin[39m=[32m"round"[39m
                [33mstroke-width[39m=[32m"2"[39m
                [33mviewBox[39m=[32m"0 0 24 24"[39m
                [33mwidth[39m=[32m"24"[39m
                [33mxmlns[39m=[32m"http://www.w3.org/2000/svg"[39m
              [36m>[39m
                [36m<path[39m
                  [33md[39m=[32m"M15.2 3a2 2 0 0 1 1.4.6l3.8 3.8a2 2 0 0 1 .6 
1.4V19a2 2 0 0 1-2 2H5a2 2 0 0 1-2-2V5a2 2 0 0 1 2-2z"[39m
                [36m/>[39m
                [36m<path[39m
                  [33md[39m=[32m"M17 21v-7a1 1 0 0 0-1-1H8a1 1 0 0 0-1 
1v7"[39m
                [36m/>[39m
                [36m<path[39m
                  [33md[39m=[32m"M7 3v4a1 1 0 0 0 1 1h7"[39m
                [36m/>[39m
              [36m</svg>[39m
              [0mEnregistrer[0m
            [36m</button>[39m
          [36m</div>[39m
        [36m</div>[39m
        [36m<div[39m
          [33mclass[39m=[32m"flex-1 flex flex-col mx-4 overflow-hidden"[39m
          [33mdata-orientation[39m=[32m"horizontal"[39m
          [33mdir[39m=[32m"ltr"[39m
        [36m>[39m
          [36m<div[39m
            [33maria-orientation[39m=[32m"horizontal"[39m
            [33mclass[39m=[32m"inline-flex h-10 items-center justify-center 
rounded-md p-1 text-muted-foreground mb-2 bg-gray-100"[39m
            [33mdata-orientation[39m=[32m"horizontal"[39m
            [33mrole[39m=[32m"tablist"[39m
            [33mstyle[39m=[32m"outline: none;"[39m
            [33mtabindex[39m=[32m"0"[39m
          [36m>[39m
            [36m<button[39m
              [33maria-controls[39m=[32m"radix-:rk:-content-visual"[39m
              [33maria-selected[39m=[32m"true"[39m
              [33mclass[39m=[32m"inline-flex items-center justify-center 
whitespace-nowrap rounded-sm px-3 py-1.5 text-sm font-medium 
ring-offset-background transition-all focus-visible:outline-none 
focus-visible:ring-2 focus-visible:ring-ring focus-visible:ring-offset-2 
disabled:pointer-events-none disabled:opacity-50 
data-[state=active]:bg-background data-[state=active]:text-foreground 
data-[state=active]:shadow-sm gap-2"[39m
              [33mdata-orientation[39m=[32m"horizontal"[39m
              [33mdata-radix-collection-item[39m=[32m""[39m
              [33mdata-state[39m=[32m"active"[39m
              [33mid[39m=[32m"radix-:rk:-trigger-visual"[39m
              [33mrole[39m=[32m"tab"[39m
              [33mtabindex[39m=[32m"-1"[39m
              [33mtype[39m=[32m"button"[39m
            [36m>[39m
              [36m<svg[...
[90m [2m❯[22m waitFor 
node_modules/@testing-library/dom/dist/wait-for.js:[2m163:27[22m[39m
[36m [2m❯[22m src/components/admin/__tests__/AdvancedPageEditorSync.test.tsx:[
2m161:13[22m[39m
    [90m159| [39m      fireEvent[33m.[39m[34mclick[39m(htmlTab)[33m;[39m
    [90m160| [39m
    [90m161| [39m      [35mawait[39m [34mwaitFor[39m(() [33m=>[39m {
    [90m   | [39m            [31m^[39m
    [90m162| [39m        
expect(screen.getByDisplayValue(mockPage.content)).toBeInTheDo…
    [90m163| [39m      })[33m;[39m

[31m[2m⎯⎯⎯⎯⎯⎯⎯⎯⎯⎯⎯⎯⎯⎯⎯⎯⎯⎯⎯⎯⎯⎯⎯⎯[2/7]⎯[22m[39m

[41m[1m FAIL [22m[49m 
src/components/admin/__tests__/AdvancedPageEditorSync.test.tsx[2m > 
[22mAdvancedPageEditorSync - Synchronisation Bidirectionnelle[2m > [22mRendu 
du composant[2m > [22mOnglet JSON affiche le contenu JSON
[31m[1mAssertionError[22m[39m: expected '' to contain 'type'

Ignored nodes: comments, script, style
[36m<html[39m
  [33mstyle[39m=[32m"--color-proqblue: #2376df; --color-proqblue-dark: 
#054393; --color-accent: #1a73e8; --color-background: #f8f9fa; --color-text: 
#333333;"[39m
[36m>[39m
  [36m<head>[39m
    [36m<title>[39m
      [0mPROQUELEC SENEGAL[0m
    [36m</title>[39m
  [36m</head>[39m
  [36m<body[39m
    [33mstyle[39m=[32m"font-family: Roboto;"[39m
  [36m>[39m
    [36m<div>[39m
      [36m<div[39m
        [33mclass[39m=[32m"flex flex-col h-[calc(100vh-100px)] gap-4"[39m
      [36m>[39m
        [36m<div[39m
          [33mclass[39m=[32m"flex items-center justify-between p-4 
bg-gradient-to-r from-blue-50 to-indigo-50 border-b"[39m
        [36m>[39m
          [36m<div[39m
            [33mclass[39m=[32m"flex items-center gap-4"[39m
          [36m>[39m
            [36m<h2[39m
              [33mclass[39m=[32m"text-xl font-bold"[39m
            [36m>[39m
              [0mPage de Test[0m
            [36m</h2>[39m
            [36m<div[39m
              [33mclass[39m=[32m"inline-flex items-center rounded-full border 
px-2.5 py-0.5 text-xs font-semibold transition-colors focus:outline-none 
focus:ring-2 focus:ring-ring focus:ring-offset-2 text-foreground"[39m
            [36m>[39m
              [0mNon modifié[0m
            [36m</div>[39m
            [36m<div[39m
              [33mclass[39m=[32m"inline-flex items-center rounded-full border 
px-2.5 py-0.5 text-xs font-semibold transition-colors focus:outline-none 
focus:ring-2 focus:ring-ring focus:ring-offset-2 hover:bg-secondary/80 
text-green-600 border-green-200 bg-green-50"[39m
            [36m>[39m
              [36m<svg[39m
                [33mclass[39m=[32m"lucide lucide-circle-check w-3 h-3 
mr-1"[39m
                [33mfill[39m=[32m"none"[39m
                [33mheight[39m=[32m"24"[39m
                [33mstroke[39m=[32m"currentColor"[39m
                [33mstroke-linecap[39m=[32m"round"[39m
                [33mstroke-linejoin[39m=[32m"round"[39m
                [33mstroke-width[39m=[32m"2"[39m
                [33mviewBox[39m=[32m"0 0 24 24"[39m
                [33mwidth[39m=[32m"24"[39m
                [33mxmlns[39m=[32m"http://www.w3.org/2000/svg"[39m
              [36m>[39m
                [36m<circle[39m
                  [33mcx[39m=[32m"12"[39m
                  [33mcy[39m=[32m"12"[39m
                  [33mr[39m=[32m"10"[39m
                [36m/>[39m
                [36m<path[39m
                  [33md[39m=[32m"m9 12 2 2 4-4"[39m
                [36m/>[39m
              [36m</svg>[39m
              [0mSynchro: [0m
              [0m06:14:04[0m
            [36m</div>[39m
          [36m</div>[39m
          [36m<div[39m
            [33mclass[39m=[32m"flex items-center gap-2"[39m
          [36m>[39m
            [36m<div[39m
              [33mclass[39m=[32m"flex items-center gap-2 mr-4"[39m
            [36m>[39m
              [36m<input[39m
                [33mchecked[39m=[32m""[39m
                [33mclass[39m=[32m"rounded"[39m
                [33mid[39m=[32m"auto-sync"[39m
                [33mtype[39m=[32m"checkbox"[39m
              [36m/>[39m
              [36m<label[39m
                [33mclass[39m=[32m"text-sm cursor-pointer"[39m
                [33mfor[39m=[32m"auto-sync"[39m
              [36m>[39m
                [0mAuto-sync[0m
              [36m</label>[39m
            [36m</div>[39m
            [36m<button[39m
              [33mclass[39m=[32m"inline-flex items-center justify-center gap-2 
whitespace-nowrap rounded-md text-sm font-medium ring-offset-background 
transition-colors focus-visible:outline-none focus-visible:ring-2 
focus-visible:ring-ring focus-visible:ring-offset-2 disabled:pointer-events-none 
disabled:opacity-50 [&_svg]:pointer-events-none [&_svg]:size-4 [&_svg]:shrink-0 
text-primary-foreground h-10 px-4 py-2 bg-blue-600 hover:bg-blue-700"[39m
            [36m>[39m
              [36m<svg[39m
                [33mclass[39m=[32m"lucide lucide-save w-4 h-4 mr-2"[39m
                [33mfill[39m=[32m"none"[39m
                [33mheight[39m=[32m"24"[39m
                [33mstroke[39m=[32m"currentColor"[39m
                [33mstroke-linecap[39m=[32m"round"[39m
                [33mstroke-linejoin[39m=[32m"round"[39m
                [33mstroke-width[39m=[32m"2"[39m
                [33mviewBox[39m=[32m"0 0 24 24"[39m
                [33mwidth[39m=[32m"24"[39m
                [33mxmlns[39m=[32m"http://www.w3.org/2000/svg"[39m
              [36m>[39m
                [36m<path[39m
                  [33md[39m=[32m"M15.2 3a2 2 0 0 1 1.4.6l3.8 3.8a2 2 0 0 1 .6 
1.4V19a2 2 0 0 1-2 2H5a2 2 0 0 1-2-2V5a2 2 0 0 1 2-2z"[39m
                [36m/>[39m
                [36m<path[39m
                  [33md[39m=[32m"M17 21v-7a1 1 0 0 0-1-1H8a1 1 0 0 0-1 
1v7"[39m
                [36m/>[39m
                [36m<path[39m
                  [33md[39m=[32m"M7 3v4a1 1 0 0 0 1 1h7"[39m
                [36m/>[39m
              [36m</svg>[39m
              [0mEnregistrer[0m
            [36m</button>[39m
          [36m</div>[39m
        [36m</div>[39m
        [36m<div[39m
          [33mclass[39m=[32m"flex-1 flex flex-col mx-4 overflow-hidden"[39m
          [33mdata-orientation[39m=[32m"horizontal"[39m
          [33mdir[39m=[32m"ltr"[39m
        [36m>[39m
          [36m<div[39m
            [33maria-orientation[39m=[32m"horizontal"[39m
            [33mclass[39m=[32m"inline-flex h-10 items-center justify-center 
rounded-md p-1 text-muted-foreground mb-2 bg-gray-100"[39m
            [33mdata-orientation[39m=[32m"horizontal"[39m
            [33mrole[39m=[32m"tablist"[39m
            [33mstyle[39m=[32m"outline: none;"[39m
            [33mtabindex[39m=[32m"0"[39m
          [36m>[39m
            [36m<button[39m
              [33maria-controls[39m=[32m"radix-:ru:-content-visual"[39m
              [33maria-selected[39m=[32m"true"[39m
              [33mclass[39m=[32m"inline-flex items-center justify-center 
whitespace-nowrap rounded-sm px-3 py-1.5 text-sm font-medium 
ring-offset-background transition-all focus-visible:outline-none 
focus-visible:ring-2 focus-visible:ring-ring focus-visible:ring-offset-2 
disabled:pointer-events-none disabled:opacity-50 
data-[state=active]:bg-background data-[state=active]:text-foreground 
data-[state=active]:shadow-sm gap-2"[39m
              [33mdata-orientation[39m=[32m"horizontal"[39m
              [33mdata-radix-collection-item[39m=[32m""[39m
              [33mdata-state[39m=[32m"active"[39m
              [33mid[39m=[32m"radix-:ru:-trigger-visual"[39m
              [33mrole[39m=[32m"tab"[39m
              [33mtabindex[39m=[32m"-1"[39m
              [33mtype[39m=[32m"button"[39m
            [36m>[39m
              [36m<svg[...

[32m- Expected[39m
[31m+ Received[39m

[32m- type[39m

[36m [2m❯[22m src/components/admin/__tests__/AdvancedPageEditorSync.test.tsx:[
2m174:33[22m[39m
    [90m172| [39m      [35mawait[39m [34mwaitFor[39m(() [33m=>[39m {
    [90m173| [39m        const jsonInput = screen.getByRole('textbox', { 
hidden: true }…
    [90m174| [39m        [34mexpect[39m(jsonInput[33m.[39mvalue)[33m.[39m
[34mtoContain[39m([32m'type'[39m)[33m;[39m
    [90m   | [39m                                [31m^[39m
    [90m175| [39m      })[33m;[39m
    [90m176| [39m    })[33m;[39m
[90m [2m❯[22m runWithExpensiveErrorDiagnosticsDisabled 
node_modules/@testing-library/dom/dist/config.js:[2m47:12[22m[39m
[90m [2m❯[22m checkCallback 
node_modules/@testing-library/dom/dist/wait-for.js:[2m124:77[22m[39m
[90m [2m❯[22m MutationObserver.checkRealTimersCallback 
node_modules/@testing-library/dom/dist/wait-for.js:[2m118:16[22m[39m
[90m [2m❯[22m MutationObserver.invokeTheCallbackFunction node_modules/jsdom/lib
/jsdom/living/generated/MutationCallback.js:[2m19:26[22m[39m
[90m [2m❯[22m notifyMutationObservers node_modules/jsdom/lib/jsdom/living/helpe
rs/mutation-observers.js:[2m160:22[22m[39m
[90m [2m❯[22m node_modules/jsdom/lib/jsdom/living/helpers/mutation-observers.js
:[2m133:5[22m[39m

[31m[2m⎯⎯⎯⎯⎯⎯⎯⎯⎯⎯⎯⎯⎯⎯⎯⎯⎯⎯⎯⎯⎯⎯⎯⎯[3/7]⎯[22m[39m

[41m[1m FAIL [22m[49m 
src/components/admin/__tests__/AdvancedPageEditorSync.test.tsx[2m > 
[22mAdvancedPageEditorSync - Synchronisation Bidirectionnelle[2m > [22mRendu 
du composant[2m > [22mOnglet Formulaire affiche les champs texte
[31m[1mTestingLibraryElementError[22m[39m: Unable to find an element with the 
display value: Page de Test.

Ignored nodes: comments, script, style
[36m<body[39m
  [33mstyle[39m=[32m"font-family: Roboto;"[39m
[36m>[39m
  [36m<div>[39m
    [36m<div[39m
      [33mclass[39m=[32m"flex flex-col h-[calc(100vh-100px)] gap-4"[39m
    [36m>[39m
      [36m<div[39m
        [33mclass[39m=[32m"flex items-center justify-between p-4 
bg-gradient-to-r from-blue-50 to-indigo-50 border-b"[39m
      [36m>[39m
        [36m<div[39m
          [33mclass[39m=[32m"flex items-center gap-4"[39m
        [36m>[39m
          [36m<h2[39m
            [33mclass[39m=[32m"text-xl font-bold"[39m
          [36m>[39m
            [0mPage de Test[0m
          [36m</h2>[39m
          [36m<div[39m
            [33mclass[39m=[32m"inline-flex items-center rounded-full border 
px-2.5 py-0.5 text-xs font-semibold transition-colors focus:outline-none 
focus:ring-2 focus:ring-ring focus:ring-offset-2 text-foreground"[39m
          [36m>[39m
            [0mNon modifié[0m
          [36m</div>[39m
          [36m<div[39m
            [33mclass[39m=[32m"inline-flex items-center rounded-full border 
px-2.5 py-0.5 text-xs font-semibold transition-colors focus:outline-none 
focus:ring-2 focus:ring-ring focus:ring-offset-2 hover:bg-secondary/80 
text-green-600 border-green-200 bg-green-50"[39m
          [36m>[39m
            [36m<svg[39m
              [33mclass[39m=[32m"lucide lucide-circle-check w-3 h-3 mr-1"[39m
              [33mfill[39m=[32m"none"[39m
              [33mheight[39m=[32m"24"[39m
              [33mstroke[39m=[32m"currentColor"[39m
              [33mstroke-linecap[39m=[32m"round"[39m
              [33mstroke-linejoin[39m=[32m"round"[39m
              [33mstroke-width[39m=[32m"2"[39m
              [33mviewBox[39m=[32m"0 0 24 24"[39m
              [33mwidth[39m=[32m"24"[39m
              [33mxmlns[39m=[32m"http://www.w3.org/2000/svg"[39m
            [36m>[39m
              [36m<circle[39m
                [33mcx[39m=[32m"12"[39m
                [33mcy[39m=[32m"12"[39m
                [33mr[39m=[32m"10"[39m
              [36m/>[39m
              [36m<path[39m
                [33md[39m=[32m"m9 12 2 2 4-4"[39m
              [36m/>[39m
            [36m</svg>[39m
            [0mSynchro: [0m
            [0m06:14:06[0m
          [36m</div>[39m
        [36m</div>[39m
        [36m<div[39m
          [33mclass[39m=[32m"flex items-center gap-2"[39m
        [36m>[39m
          [36m<div[39m
            [33mclass[39m=[32m"flex items-center gap-2 mr-4"[39m
          [36m>[39m
            [36m<input[39m
              [33mchecked[39m=[32m""[39m
              [33mclass[39m=[32m"rounded"[39m
              [33mid[39m=[32m"auto-sync"[39m
              [33mtype[39m=[32m"checkbox"[39m
            [36m/>[39m
            [36m<label[39m
              [33mclass[39m=[32m"text-sm cursor-pointer"[39m
              [33mfor[39m=[32m"auto-sync"[39m
            [36m>[39m
              [0mAuto-sync[0m
            [36m</label>[39m
          [36m</div>[39m
          [36m<button[39m
            [33mclass[39m=[32m"inline-flex items-center justify-center gap-2 
whitespace-nowrap rounded-md text-sm font-medium ring-offset-background 
transition-colors focus-visible:outline-none focus-visible:ring-2 
focus-visible:ring-ring focus-visible:ring-offset-2 disabled:pointer-events-none 
disabled:opacity-50 [&_svg]:pointer-events-none [&_svg]:size-4 [&_svg]:shrink-0 
text-primary-foreground h-10 px-4 py-2 bg-blue-600 hover:bg-blue-700"[39m
          [36m>[39m
            [36m<svg[39m
              [33mclass[39m=[32m"lucide lucide-save w-4 h-4 mr-2"[39m
              [33mfill[39m=[32m"none"[39m
              [33mheight[39m=[32m"24"[39m
              [33mstroke[39m=[32m"currentColor"[39m
              [33mstroke-linecap[39m=[32m"round"[39m
              [33mstroke-linejoin[39m=[32m"round"[39m
              [33mstroke-width[39m=[32m"2"[39m
              [33mviewBox[39m=[32m"0 0 24 24"[39m
              [33mwidth[39m=[32m"24"[39m
              [33mxmlns[39m=[32m"http://www.w3.org/2000/svg"[39m
            [36m>[39m
              [36m<path[39m
                [33md[39m=[32m"M15.2 3a2 2 0 0 1 1.4.6l3.8 3.8a2 2 0 0 1 .6 
1.4V19a2 2 0 0 1-2 2H5a2 2 0 0 1-2-2V5a2 2 0 0 1 2-2z"[39m
              [36m/>[39m
              [36m<path[39m
                [33md[39m=[32m"M17 21v-7a1 1 0 0 0-1-1H8a1 1 0 0 0-1 1v7"[39m
              [36m/>[39m
              [36m<path[39m
                [33md[39m=[32m"M7 3v4a1 1 0 0 0 1 1h7"[39m
              [36m/>[39m
            [36m</svg>[39m
            [0mEnregistrer[0m
          [36m</button>[39m
        [36m</div>[39m
      [36m</div>[39m
      [36m<div[39m
        [33mclass[39m=[32m"flex-1 flex flex-col mx-4 overflow-hidden"[39m
        [33mdata-orientation[39m=[32m"horizontal"[39m
        [33mdir[39m=[32m"ltr"[39m
      [36m>[39m
        [36m<div[39m
          [33maria-orientation[39m=[32m"horizontal"[39m
          [33mclass[39m=[32m"inline-flex h-10 items-center justify-center 
rounded-md p-1 text-muted-foreground mb-2 bg-gray-100"[39m
          [33mdata-orientation[39m=[32m"horizontal"[39m
          [33mrole[39m=[32m"tablist"[39m
          [33mstyle[39m=[32m"outline: none;"[39m
          [33mtabindex[39m=[32m"0"[39m
        [36m>[39m
          [36m<button[39m
            [33maria-controls[39m=[32m"radix-:r18:-content-visual"[39m
            [33maria-selected[39m=[32m"true"[39m
            [33mclass[39m=[32m"inline-flex items-center justify-center 
whitespace-nowrap rounded-sm px-3 py-1.5 text-sm font-medium 
ring-offset-background transition-all focus-visible:outline-none 
focus-visible:ring-2 focus-visible:ring-ring focus-visible:ring-offset-2 
disabled:pointer-events-none disabled:opacity-50 
data-[state=active]:bg-background data-[state=active]:text-foreground 
data-[state=active]:shadow-sm gap-2"[39m
            [33mdata-orientation[39m=[32m"horizontal"[39m
            [33mdata-radix-collection-item[39m=[32m""[39m
            [33mdata-state[39m=[32m"active"[39m
            [33mid[39m=[32m"radix-:r18:-trigger-visual"[39m
            [33mrole[39m=[32m"tab"[39m
            [33mtabindex[39m=[32m"-1"[39m
            [33mtype[39m=[32m"button"[39m
          [36m>[39m
            [36m<svg[39m
              [33mclass[39m=[32m"lucide lucide-eye w-4 h-4"[39m
              [33mfill[39m=[32m"none"[39m
              [33mheight[39m=[32m"24"[39m
              [33mstroke[39m=[32m"currentColor"[39m
              [33mstroke-linecap[39m=[32m"round"[39m
              [33mstroke-linejoin[39m=[32m"round"[39m
              [33mstroke-width[39m=[32m"2"[39m
              [33mviewBox[39m=[32m"0 0 24 24"[39m
              [33mwidth[39m=[32m"24"[39m
              [33mxmlns[39m=[32m"http://www.w3.org/2000/svg"[39m
    ...

Ignored nodes: comments, script, style
[36m<html[39m
  [33mstyle[39m=[32m"--color-proqblue: #2376df; --color-proqblue-dark: 
#054393; --color-accent: #1a73e8; --color-background: #f8f9fa; --color-text: 
#333333;"[39m
[36m>[39m
  [36m<head>[39m
    [36m<title>[39m
      [0mPROQUELEC SENEGAL[0m
    [36m</title>[39m
  [36m</head>[39m
  [36m<body[39m
    [33mstyle[39m=[32m"font-family: Roboto;"[39m
  [36m>[39m
    [36m<div>[39m
      [36m<div[39m
        [33mclass[39m=[32m"flex flex-col h-[calc(100vh-100px)] gap-4"[39m
      [36m>[39m
        [36m<div[39m
          [33mclass[39m=[32m"flex items-center justify-between p-4 
bg-gradient-to-r from-blue-50 to-indigo-50 border-b"[39m
        [36m>[39m
          [36m<div[39m
            [33mclass[39m=[32m"flex items-center gap-4"[39m
          [36m>[39m
            [36m<h2[39m
              [33mclass[39m=[32m"text-xl font-bold"[39m
            [36m>[39m
              [0mPage de Test[0m
            [36m</h2>[39m
            [36m<div[39m
              [33mclass[39m=[32m"inline-flex items-center rounded-full border 
px-2.5 py-0.5 text-xs font-semibold transition-colors focus:outline-none 
focus:ring-2 focus:ring-ring focus:ring-offset-2 text-foreground"[39m
            [36m>[39m
              [0mNon modifié[0m
            [36m</div>[39m
            [36m<div[39m
              [33mclass[39m=[32m"inline-flex items-center rounded-full border 
px-2.5 py-0.5 text-xs font-semibold transition-colors focus:outline-none 
focus:ring-2 focus:ring-ring focus:ring-offset-2 hover:bg-secondary/80 
text-green-600 border-green-200 bg-green-50"[39m
            [36m>[39m
              [36m<svg[39m
                [33mclass[39m=[32m"lucide lucide-circle-check w-3 h-3 
mr-1"[39m
                [33mfill[39m=[32m"none"[39m
                [33mheight[39m=[32m"24"[39m
                [33mstroke[39m=[32m"currentColor"[39m
                [33mstroke-linecap[39m=[32m"round"[39m
                [33mstroke-linejoin[39m=[32m"round"[39m
                [33mstroke-width[39m=[32m"2"[39m
                [33mviewBox[39m=[32m"0 0 24 24"[39m
                [33mwidth[39m=[32m"24"[39m
                [33mxmlns[39m=[32m"http://www.w3.org/2000/svg"[39m
              [36m>[39m
                [36m<circle[39m
                  [33mcx[39m=[32m"12"[39m
                  [33mcy[39m=[32m"12"[39m
                  [33mr[39m=[32m"10"[39m
                [36m/>[39m
                [36m<path[39m
                  [33md[39m=[32m"m9 12 2 2 4-4"[39m
                [36m/>[39m
              [36m</svg>[39m
              [0mSynchro: [0m
              [0m06:14:06[0m
            [36m</div>[39m
          [36m</div>[39m
          [36m<div[39m
            [33mclass[39m=[32m"flex items-center gap-2"[39m
          [36m>[39m
            [36m<div[39m
              [33mclass[39m=[32m"flex items-center gap-2 mr-4"[39m
            [36m>[39m
              [36m<input[39m
                [33mchecked[39m=[32m""[39m
                [33mclass[39m=[32m"rounded"[39m
                [33mid[39m=[32m"auto-sync"[39m
                [33mtype[39m=[32m"checkbox"[39m
              [36m/>[39m
              [36m<label[39m
                [33mclass[39m=[32m"text-sm cursor-pointer"[39m
                [33mfor[39m=[32m"auto-sync"[39m
              [36m>[39m
                [0mAuto-sync[0m
              [36m</label>[39m
            [36m</div>[39m
            [36m<button[39m
              [33mclass[39m=[32m"inline-flex items-center justify-center gap-2 
whitespace-nowrap rounded-md text-sm font-medium ring-offset-background 
transition-colors focus-visible:outline-none focus-visible:ring-2 
focus-visible:ring-ring focus-visible:ring-offset-2 disabled:pointer-events-none 
disabled:opacity-50 [&_svg]:pointer-events-none [&_svg]:size-4 [&_svg]:shrink-0 
text-primary-foreground h-10 px-4 py-2 bg-blue-600 hover:bg-blue-700"[39m
            [36m>[39m
              [36m<svg[39m
                [33mclass[39m=[32m"lucide lucide-save w-4 h-4 mr-2"[39m
                [33mfill[39m=[32m"none"[39m
                [33mheight[39m=[32m"24"[39m
                [33mstroke[39m=[32m"currentColor"[39m
                [33mstroke-linecap[39m=[32m"round"[39m
                [33mstroke-linejoin[39m=[32m"round"[39m
                [33mstroke-width[39m=[32m"2"[39m
                [33mviewBox[39m=[32m"0 0 24 24"[39m
                [33mwidth[39m=[32m"24"[39m
                [33mxmlns[39m=[32m"http://www.w3.org/2000/svg"[39m
              [36m>[39m
                [36m<path[39m
                  [33md[39m=[32m"M15.2 3a2 2 0 0 1 1.4.6l3.8 3.8a2 2 0 0 1 .6 
1.4V19a2 2 0 0 1-2 2H5a2 2 0 0 1-2-2V5a2 2 0 0 1 2-2z"[39m
                [36m/>[39m
                [36m<path[39m
                  [33md[39m=[32m"M17 21v-7a1 1 0 0 0-1-1H8a1 1 0 0 0-1 
1v7"[39m
                [36m/>[39m
                [36m<path[39m
                  [33md[39m=[32m"M7 3v4a1 1 0 0 0 1 1h7"[39m
                [36m/>[39m
              [36m</svg>[39m
              [0mEnregistrer[0m
            [36m</button>[39m
          [36m</div>[39m
        [36m</div>[39m
        [36m<div[39m
          [33mclass[39m=[32m"flex-1 flex flex-col mx-4 overflow-hidden"[39m
          [33mdata-orientation[39m=[32m"horizontal"[39m
          [33mdir[39m=[32m"ltr"[39m
        [36m>[39m
          [36m<div[39m
            [33maria-orientation[39m=[32m"horizontal"[39m
            [33mclass[39m=[32m"inline-flex h-10 items-center justify-center 
rounded-md p-1 text-muted-foreground mb-2 bg-gray-100"[39m
            [33mdata-orientation[39m=[32m"horizontal"[39m
            [33mrole[39m=[32m"tablist"[39m
            [33mstyle[39m=[32m"outline: none;"[39m
            [33mtabindex[39m=[32m"0"[39m
          [36m>[39m
            [36m<button[39m
              [33maria-controls[39m=[32m"radix-:r18:-content-visual"[39m
              [33maria-selected[39m=[32m"true"[39m
              [33mclass[39m=[32m"inline-flex items-center justify-center 
whitespace-nowrap rounded-sm px-3 py-1.5 text-sm font-medium 
ring-offset-background transition-all focus-visible:outline-none 
focus-visible:ring-2 focus-visible:ring-ring focus-visible:ring-offset-2 
disabled:pointer-events-none disabled:opacity-50 
data-[state=active]:bg-background data-[state=active]:text-foreground 
data-[state=active]:shadow-sm gap-2"[39m
              [33mdata-orientation[39m=[32m"horizontal"[39m
              [33mdata-radix-collection-item[39m=[32m""[39m
              [33mdata-state[39m=[32m"active"[39m
              [33mid[39m=[32m"radix-:r18:-trigger-visual"[39m
              [33mrole[39m=[32m"tab"[39m
              [33mtabindex[39m=[32m"-1"[39m
              [33mtype[39m=[32m"button"[39m
            [36m>[39m
              [36m<svg...
[90m [2m❯[22m waitFor 
node_modules/@testing-library/dom/dist/wait-for.js:[2m163:27[22m[39m
[36m [2m❯[22m src/components/admin/__tests__/AdvancedPageEditorSync.test.tsx:[
2m184:13[22m[39m
    [90m182| [39m      fireEvent[33m.[39m[34mclick[39m(formTab)[33m;[39m
    [90m183| [39m
    [90m184| [39m      [35mawait[39m [34mwaitFor[39m(() [33m=>[39m {
    [90m   | [39m            [31m^[39m
    [90m185| [39m        expect(screen.getByDisplayValue('Page de 
Test')).toBeInTheDocu…
    [90m186| [39m      })[33m;[39m

[31m[2m⎯⎯⎯⎯⎯⎯⎯⎯⎯⎯⎯⎯⎯⎯⎯⎯⎯⎯⎯⎯⎯⎯⎯⎯[4/7]⎯[22m[39m

[41m[1m FAIL [22m[49m 
src/components/admin/__tests__/AdvancedPageEditorSync.test.tsx[2m > 
[22mAdvancedPageEditorSync - Synchronisation Bidirectionnelle[2m > 
[22mSynchronisation Formulaire → HTML[2m > [22mModification du titre met à 
jour le HTML
[31m[1mTestingLibraryElementError[22m[39m: Unable to find a label with the 
text of: /titre/i

Ignored nodes: comments, script, style
[36m<body[39m
  [33mstyle[39m=[32m"font-family: Roboto;"[39m
[36m>[39m
  [36m<div>[39m
    [36m<div[39m
      [33mclass[39m=[32m"flex flex-col h-[calc(100vh-100px)] gap-4"[39m
    [36m>[39m
      [36m<div[39m
        [33mclass[39m=[32m"flex items-center justify-between p-4 
bg-gradient-to-r from-blue-50 to-indigo-50 border-b"[39m
      [36m>[39m
        [36m<div[39m
          [33mclass[39m=[32m"flex items-center gap-4"[39m
        [36m>[39m
          [36m<h2[39m
            [33mclass[39m=[32m"text-xl font-bold"[39m
          [36m>[39m
            [0mPage de Test[0m
          [36m</h2>[39m
          [36m<div[39m
            [33mclass[39m=[32m"inline-flex items-center rounded-full border 
px-2.5 py-0.5 text-xs font-semibold transition-colors focus:outline-none 
focus:ring-2 focus:ring-ring focus:ring-offset-2 text-foreground"[39m
          [36m>[39m
            [0mNon modifié[0m
          [36m</div>[39m
          [36m<div[39m
            [33mclass[39m=[32m"inline-flex items-center rounded-full border 
px-2.5 py-0.5 text-xs font-semibold transition-colors focus:outline-none 
focus:ring-2 focus:ring-ring focus:ring-offset-2 hover:bg-secondary/80 
text-green-600 border-green-200 bg-green-50"[39m
          [36m>[39m
            [36m<svg[39m
              [33mclass[39m=[32m"lucide lucide-circle-check w-3 h-3 mr-1"[39m
              [33mfill[39m=[32m"none"[39m
              [33mheight[39m=[32m"24"[39m
              [33mstroke[39m=[32m"currentColor"[39m
              [33mstroke-linecap[39m=[32m"round"[39m
              [33mstroke-linejoin[39m=[32m"round"[39m
              [33mstroke-width[39m=[32m"2"[39m
              [33mviewBox[39m=[32m"0 0 24 24"[39m
              [33mwidth[39m=[32m"24"[39m
              [33mxmlns[39m=[32m"http://www.w3.org/2000/svg"[39m
            [36m>[39m
              [36m<circle[39m
                [33mcx[39m=[32m"12"[39m
                [33mcy[39m=[32m"12"[39m
                [33mr[39m=[32m"10"[39m
              [36m/>[39m
              [36m<path[39m
                [33md[39m=[32m"m9 12 2 2 4-4"[39m
              [36m/>[39m
            [36m</svg>[39m
            [0mSynchro: [0m
            [0m06:14:07[0m
          [36m</div>[39m
        [36m</div>[39m
        [36m<div[39m
          [33mclass[39m=[32m"flex items-center gap-2"[39m
        [36m>[39m
          [36m<div[39m
            [33mclass[39m=[32m"flex items-center gap-2 mr-4"[39m
          [36m>[39m
            [36m<input[39m
              [33mchecked[39m=[32m""[39m
              [33mclass[39m=[32m"rounded"[39m
              [33mid[39m=[32m"auto-sync"[39m
              [33mtype[39m=[32m"checkbox"[39m
            [36m/>[39m
            [36m<label[39m
              [33mclass[39m=[32m"text-sm cursor-pointer"[39m
              [33mfor[39m=[32m"auto-sync"[39m
            [36m>[39m
              [0mAuto-sync[0m
            [36m</label>[39m
          [36m</div>[39m
          [36m<button[39m
            [33mclass[39m=[32m"inline-flex items-center justify-center gap-2 
whitespace-nowrap rounded-md text-sm font-medium ring-offset-background 
transition-colors focus-visible:outline-none focus-visible:ring-2 
focus-visible:ring-ring focus-visible:ring-offset-2 disabled:pointer-events-none 
disabled:opacity-50 [&_svg]:pointer-events-none [&_svg]:size-4 [&_svg]:shrink-0 
text-primary-foreground h-10 px-4 py-2 bg-blue-600 hover:bg-blue-700"[39m
          [36m>[39m
            [36m<svg[39m
              [33mclass[39m=[32m"lucide lucide-save w-4 h-4 mr-2"[39m
              [33mfill[39m=[32m"none"[39m
              [33mheight[39m=[32m"24"[39m
              [33mstroke[39m=[32m"currentColor"[39m
              [33mstroke-linecap[39m=[32m"round"[39m
              [33mstroke-linejoin[39m=[32m"round"[39m
              [33mstroke-width[39m=[32m"2"[39m
              [33mviewBox[39m=[32m"0 0 24 24"[39m
              [33mwidth[39m=[32m"24"[39m
              [33mxmlns[39m=[32m"http://www.w3.org/2000/svg"[39m
            [36m>[39m
              [36m<path[39m
                [33md[39m=[32m"M15.2 3a2 2 0 0 1 1.4.6l3.8 3.8a2 2 0 0 1 .6 
1.4V19a2 2 0 0 1-2 2H5a2 2 0 0 1-2-2V5a2 2 0 0 1 2-2z"[39m
              [36m/>[39m
              [36m<path[39m
                [33md[39m=[32m"M17 21v-7a1 1 0 0 0-1-1H8a1 1 0 0 0-1 1v7"[39m
              [36m/>[39m
              [36m<path[39m
                [33md[39m=[32m"M7 3v4a1 1 0 0 0 1 1h7"[39m
              [36m/>[39m
            [36m</svg>[39m
            [0mEnregistrer[0m
          [36m</button>[39m
        [36m</div>[39m
      [36m</div>[39m
      [36m<div[39m
        [33mclass[39m=[32m"flex-1 flex flex-col mx-4 overflow-hidden"[39m
        [33mdata-orientation[39m=[32m"horizontal"[39m
        [33mdir[39m=[32m"ltr"[39m
      [36m>[39m
        [36m<div[39m
          [33maria-orientation[39m=[32m"horizontal"[39m
          [33mclass[39m=[32m"inline-flex h-10 items-center justify-center 
rounded-md p-1 text-muted-foreground mb-2 bg-gray-100"[39m
          [33mdata-orientation[39m=[32m"horizontal"[39m
          [33mrole[39m=[32m"tablist"[39m
          [33mstyle[39m=[32m"outline: none;"[39m
          [33mtabindex[39m=[32m"0"[39m
        [36m>[39m
          [36m<button[39m
            [33maria-controls[39m=[32m"radix-:r26:-content-visual"[39m
            [33maria-selected[39m=[32m"true"[39m
            [33mclass[39m=[32m"inline-flex items-center justify-center 
whitespace-nowrap rounded-sm px-3 py-1.5 text-sm font-medium 
ring-offset-background transition-all focus-visible:outline-none 
focus-visible:ring-2 focus-visible:ring-ring focus-visible:ring-offset-2 
disabled:pointer-events-none disabled:opacity-50 
data-[state=active]:bg-background data-[state=active]:text-foreground 
data-[state=active]:shadow-sm gap-2"[39m
            [33mdata-orientation[39m=[32m"horizontal"[39m
            [33mdata-radix-collection-item[39m=[32m""[39m
            [33mdata-state[39m=[32m"active"[39m
            [33mid[39m=[32m"radix-:r26:-trigger-visual"[39m
            [33mrole[39m=[32m"tab"[39m
            [33mtabindex[39m=[32m"-1"[39m
            [33mtype[39m=[32m"button"[39m
          [36m>[39m
            [36m<svg[39m
              [33mclass[39m=[32m"lucide lucide-eye w-4 h-4"[39m
              [33mfill[39m=[32m"none"[39m
              [33mheight[39m=[32m"24"[39m
              [33mstroke[39m=[32m"currentColor"[39m
              [33mstroke-linecap[39m=[32m"round"[39m
              [33mstroke-linejoin[39m=[32m"round"[39m
              [33mstroke-width[39m=[32m"2"[39m
              [33mviewBox[39m=[32m"0 0 24 24"[39m
              [33mwidth[39m=[32m"24"[39m
              [33mxmlns[39m=[32m"http://www.w3.org/2000/svg"[39m
    ...

Ignored nodes: comments, script, style
[36m<body[39m
  [33mstyle[39m=[32m"font-family: Roboto;"[39m
[36m>[39m
  [36m<div>[39m
    [36m<div[39m
      [33mclass[39m=[32m"flex flex-col h-[calc(100vh-100px)] gap-4"[39m
    [36m>[39m
      [36m<div[39m
        [33mclass[39m=[32m"flex items-center justify-between p-4 
bg-gradient-to-r from-blue-50 to-indigo-50 border-b"[39m
      [36m>[39m
        [36m<div[39m
          [33mclass[39m=[32m"flex items-center gap-4"[39m
        [36m>[39m
          [36m<h2[39m
            [33mclass[39m=[32m"text-xl font-bold"[39m
          [36m>[39m
            [0mPage de Test[0m
          [36m</h2>[39m
          [36m<div[39m
            [33mclass[39m=[32m"inline-flex items-center rounded-full border 
px-2.5 py-0.5 text-xs font-semibold transition-colors focus:outline-none 
focus:ring-2 focus:ring-ring focus:ring-offset-2 text-foreground"[39m
          [36m>[39m
            [0mNon modifié[0m
          [36m</div>[39m
          [36m<div[39m
            [33mclass[39m=[32m"inline-flex items-center rounded-full border 
px-2.5 py-0.5 text-xs font-semibold transition-colors focus:outline-none 
focus:ring-2 focus:ring-ring focus:ring-offset-2 hover:bg-secondary/80 
text-green-600 border-green-200 bg-green-50"[39m
          [36m>[39m
            [36m<svg[39m
              [33mclass[39m=[32m"lucide lucide-circle-check w-3 h-3 mr-1"[39m
              [33mfill[39m=[32m"none"[39m
              [33mheight[39m=[32m"24"[39m
              [33mstroke[39m=[32m"currentColor"[39m
              [33mstroke-linecap[39m=[32m"round"[39m
              [33mstroke-linejoin[39m=[32m"round"[39m
              [33mstroke-width[39m=[32m"2"[39m
              [33mviewBox[39m=[32m"0 0 24 24"[39m
              [33mwidth[39m=[32m"24"[39m
              [33mxmlns[39m=[32m"http://www.w3.org/2000/svg"[39m
            [36m>[39m
              [36m<circle[39m
                [33mcx[39m=[32m"12"[39m
                [33mcy[39m=[32m"12"[39m
                [33mr[39m=[32m"10"[39m
              [36m/>[39m
              [36m<path[39m
                [33md[39m=[32m"m9 12 2 2 4-4"[39m
              [36m/>[39m
            [36m</svg>[39m
            [0mSynchro: [0m
            [0m06:14:07[0m
          [36m</div>[39m
        [36m</div>[39m
        [36m<div[39m
          [33mclass[39m=[32m"flex items-center gap-2"[39m
        [36m>[39m
          [36m<div[39m
            [33mclass[39m=[32m"flex items-center gap-2 mr-4"[39m
          [36m>[39m
            [36m<input[39m
              [33mchecked[39m=[32m""[39m
              [33mclass[39m=[32m"rounded"[39m
              [33mid[39m=[32m"auto-sync"[39m
              [33mtype[39m=[32m"checkbox"[39m
            [36m/>[39m
            [36m<label[39m
              [33mclass[39m=[32m"text-sm cursor-pointer"[39m
              [33mfor[39m=[32m"auto-sync"[39m
            [36m>[39m
              [0mAuto-sync[0m
            [36m</label>[39m
          [36m</div>[39m
          [36m<button[39m
            [33mclass[39m=[32m"inline-flex items-center justify-center gap-2 
whitespace-nowrap rounded-md text-sm font-medium ring-offset-background 
transition-colors focus-visible:outline-none focus-visible:ring-2 
focus-visible:ring-ring focus-visible:ring-offset-2 disabled:pointer-events-none 
disabled:opacity-50 [&_svg]:pointer-events-none [&_svg]:size-4 [&_svg]:shrink-0 
text-primary-foreground h-10 px-4 py-2 bg-blue-600 hover:bg-blue-700"[39m
          [36m>[39m
            [36m<svg[39m
              [33mclass[39m=[32m"lucide lucide-save w-4 h-4 mr-2"[39m
              [33mfill[39m=[32m"none"[39m
              [33mheight[39m=[32m"24"[39m
              [33mstroke[39m=[32m"currentColor"[39m
              [33mstroke-linecap[39m=[32m"round"[39m
              [33mstroke-linejoin[39m=[32m"round"[39m
              [33mstroke-width[39m=[32m"2"[39m
              [33mviewBox[39m=[32m"0 0 24 24"[39m
              [33mwidth[39m=[32m"24"[39m
              [33mxmlns[39m=[32m"http://www.w3.org/2000/svg"[39m
            [36m>[39m
              [36m<path[39m
                [33md[39m=[32m"M15.2 3a2 2 0 0 1 1.4.6l3.8 3.8a2 2 0 0 1 .6 
1.4V19a2 2 0 0 1-2 2H5a2 2 0 0 1-2-2V5a2 2 0 0 1 2-2z"[39m
              [36m/>[39m
              [36m<path[39m
                [33md[39m=[32m"M17 21v-7a1 1 0 0 0-1-1H8a1 1 0 0 0-1 1v7"[39m
              [36m/>[39m
              [36m<path[39m
                [33md[39m=[32m"M7 3v4a1 1 0 0 0 1 1h7"[39m
              [36m/>[39m
            [36m</svg>[39m
            [0mEnregistrer[0m
          [36m</button>[39m
        [36m</div>[39m
      [36m</div>[39m
      [36m<div[39m
        [33mclass[39m=[32m"flex-1 flex flex-col mx-4 overflow-hidden"[39m
        [33mdata-orientation[39m=[32m"horizontal"[39m
        [33mdir[39m=[32m"ltr"[39m
      [36m>[39m
        [36m<div[39m
          [33maria-orientation[39m=[32m"horizontal"[39m
          [33mclass[39m=[32m"inline-flex h-10 items-center justify-center 
rounded-md p-1 text-muted-foreground mb-2 bg-gray-100"[39m
          [33mdata-orientation[39m=[32m"horizontal"[39m
          [33mrole[39m=[32m"tablist"[39m
          [33mstyle[39m=[32m"outline: none;"[39m
          [33mtabindex[39m=[32m"0"[39m
        [36m>[39m
          [36m<button[39m
            [33maria-controls[39m=[32m"radix-:r26:-content-visual"[39m
            [33maria-selected[39m=[32m"true"[39m
            [33mclass[39m=[32m"inline-flex items-center justify-center 
whitespace-nowrap rounded-sm px-3 py-1.5 text-sm font-medium 
ring-offset-background transition-all focus-visible:outline-none 
focus-visible:ring-2 focus-visible:ring-ring focus-visible:ring-offset-2 
disabled:pointer-events-none disabled:opacity-50 
data-[state=active]:bg-background data-[state=active]:text-foreground 
data-[state=active]:shadow-sm gap-2"[39m
            [33mdata-orientation[39m=[32m"horizontal"[39m
            [33mdata-radix-collection-item[39m=[32m""[39m
            [33mdata-state[39m=[32m"active"[39m
            [33mid[39m=[32m"radix-:r26:-trigger-visual"[39m
            [33mrole[39m=[32m"tab"[39m
            [33mtabindex[39m=[32m"-1"[39m
            [33mtype[39m=[32m"button"[39m
          [36m>[39m
            [36m<svg[39m
              [33mclass[39m=[32m"lucide lucide-eye w-4 h-4"[39m
              [33mfill[39m=[32m"none"[39m
              [33mheight[39m=[32m"24"[39m
              [33mstroke[39m=[32m"currentColor"[39m
              [33mstroke-linecap[39m=[32m"round"[39m
              [33mstroke-linejoin[39m=[32m"round"[39m
              [33mstroke-width[39m=[32m"2"[39m
              [33mviewBox[39m=[32m"0 0 24 24"[39m
              [33mwidth[39m=[32m"24"[39m
              [33mxmlns[39m=[32m"http://www.w3.org/2000/svg"[39m
    ...
[90m [2m❯[22m waitForWrapper 
node_modules/@testing-library/dom/dist/wait-for.js:[2m163:27[22m[39m
[90m [2m❯[22m findByLabelText 
node_modules/@testing-library/dom/dist/query-helpers.js:[2m86:33[22m[39m
[36m [2m❯[22m src/components/admin/__tests__/AdvancedPageEditorSync.test.tsx:[
2m253:39[22m[39m
    [90m251| [39m
    [90m252| [39m      [90m// Modifier le titre[39m
    [90m253| [39m      [35mconst[39m titleInput [33m=[39m [35mawait[39m 
screen[33m.[39m[34mfindByLabelText[39m([36m/titre/i[39m)[33m;[39m
    [90m   | [39m                                      [31m^[39m
    [90m254| [39m      [35mawait[39m 
user[33m.[39m[34mclear[39m(titleInput)[33m;[39m
    [90m255| [39m      [35mawait[39m 
user[33m.[39m[34mtype[39m(titleInput[33m,[39m [32m'Nouveau Titre de 
Page'[39m)[33m;[39m

[31m[2m⎯⎯⎯⎯⎯⎯⎯⎯⎯⎯⎯⎯⎯⎯⎯⎯⎯⎯⎯⎯⎯⎯⎯⎯[5/7]⎯[22m[39m

[41m[1m FAIL [22m[49m 
src/components/admin/__tests__/AdvancedPageEditorSync.test.tsx[2m > 
[22mAdvancedPageEditorSync - Synchronisation Bidirectionnelle[2m > [22mAperçu 
en temps réel[2m > [22mL'aperçu affiche le HTML en temps réel
[31m[1mError[22m: 
[2mexpect([22m[31mreceived[31m[2m).toBeInTheDocument()[22m

[31mreceived[31m value must be an HTMLElement or an SVGElement.
Received has type:  Null
Received has value: [31mnull[31m[39m
[36m [2m❯[22m src/components/admin/__tests__/AdvancedPageEditorSync.test.tsx:[
2m278:22[22m[39m
    [90m276| [39m      [90m// Vérifier que l'iframe existe et contient le 
contenu[39m
    [90m277| [39m      [35mconst[39m iframe [33m=[39m 
container[33m.[39m[34mquerySelector[39m([32m'iframe'[39m)[33m;[39m
    [90m278| [39m      
[34mexpect[39m(iframe)[33m.[39m[34mtoBeInTheDocument[39m()[33m;[39m
    [90m   | [39m                     [31m^[39m
    [90m279| [39m    })[33m;[39m
    [90m280| [39m  })[33m;[39m

[31m[2m⎯⎯⎯⎯⎯⎯⎯⎯⎯⎯⎯⎯⎯⎯⎯⎯⎯⎯⎯⎯⎯⎯⎯⎯[6/7]⎯[22m[39m

[41m[1m FAIL [22m[49m 
src/components/admin/__tests__/AdvancedPageEditorSync.test.tsx[2m > 
[22mAdvancedPageEditorSync - Synchronisation Bidirectionnelle[2m > 
[22mAuto-save[2m > [22mDéclenche la sauvegarde après inactivité
[31m[1mTestingLibraryElementError[22m[39m: Unable to find a label with the 
text of: /titre/i

Ignored nodes: comments, script, style
[36m<body[39m
  [33mstyle[39m=[32m"font-family: Roboto;"[39m
[36m>[39m
  [36m<div>[39m
    [36m<div[39m
      [33mclass[39m=[32m"flex flex-col h-[calc(100vh-100px)] gap-4"[39m
    [36m>[39m
      [36m<div[39m
        [33mclass[39m=[32m"flex items-center justify-between p-4 
bg-gradient-to-r from-blue-50 to-indigo-50 border-b"[39m
      [36m>[39m
        [36m<div[39m
          [33mclass[39m=[32m"flex items-center gap-4"[39m
        [36m>[39m
          [36m<h2[39m
            [33mclass[39m=[32m"text-xl font-bold"[39m
          [36m>[39m
            [0mPage de Test[0m
          [36m</h2>[39m
          [36m<div[39m
            [33mclass[39m=[32m"inline-flex items-center rounded-full border 
px-2.5 py-0.5 text-xs font-semibold transition-colors focus:outline-none 
focus:ring-2 focus:ring-ring focus:ring-offset-2 text-foreground"[39m
          [36m>[39m
            [0mNon modifié[0m
          [36m</div>[39m
          [36m<div[39m
            [33mclass[39m=[32m"inline-flex items-center rounded-full border 
px-2.5 py-0.5 text-xs font-semibold transition-colors focus:outline-none 
focus:ring-2 focus:ring-ring focus:ring-offset-2 hover:bg-secondary/80 
text-green-600 border-green-200 bg-green-50"[39m
          [36m>[39m
            [36m<svg[39m
              [33mclass[39m=[32m"lucide lucide-circle-check w-3 h-3 mr-1"[39m
              [33mfill[39m=[32m"none"[39m
              [33mheight[39m=[32m"24"[39m
              [33mstroke[39m=[32m"currentColor"[39m
              [33mstroke-linecap[39m=[32m"round"[39m
              [33mstroke-linejoin[39m=[32m"round"[39m
              [33mstroke-width[39m=[32m"2"[39m
              [33mviewBox[39m=[32m"0 0 24 24"[39m
              [33mwidth[39m=[32m"24"[39m
              [33mxmlns[39m=[32m"http://www.w3.org/2000/svg"[39m
            [36m>[39m
              [36m<circle[39m
                [33mcx[39m=[32m"12"[39m
                [33mcy[39m=[32m"12"[39m
                [33mr[39m=[32m"10"[39m
              [36m/>[39m
              [36m<path[39m
                [33md[39m=[32m"m9 12 2 2 4-4"[39m
              [36m/>[39m
            [36m</svg>[39m
            [0mSynchro: [0m
            [0m06:14:08[0m
          [36m</div>[39m
        [36m</div>[39m
        [36m<div[39m
          [33mclass[39m=[32m"flex items-center gap-2"[39m
        [36m>[39m
          [36m<div[39m
            [33mclass[39m=[32m"flex items-center gap-2 mr-4"[39m
          [36m>[39m
            [36m<input[39m
              [33mchecked[39m=[32m""[39m
              [33mclass[39m=[32m"rounded"[39m
              [33mid[39m=[32m"auto-sync"[39m
              [33mtype[39m=[32m"checkbox"[39m
            [36m/>[39m
            [36m<label[39m
              [33mclass[39m=[32m"text-sm cursor-pointer"[39m
              [33mfor[39m=[32m"auto-sync"[39m
            [36m>[39m
              [0mAuto-sync[0m
            [36m</label>[39m
          [36m</div>[39m
          [36m<button[39m
            [33mclass[39m=[32m"inline-flex items-center justify-center gap-2 
whitespace-nowrap rounded-md text-sm font-medium ring-offset-background 
transition-colors focus-visible:outline-none focus-visible:ring-2 
focus-visible:ring-ring focus-visible:ring-offset-2 disabled:pointer-events-none 
disabled:opacity-50 [&_svg]:pointer-events-none [&_svg]:size-4 [&_svg]:shrink-0 
text-primary-foreground h-10 px-4 py-2 bg-blue-600 hover:bg-blue-700"[39m
          [36m>[39m
            [36m<svg[39m
              [33mclass[39m=[32m"lucide lucide-save w-4 h-4 mr-2"[39m
              [33mfill[39m=[32m"none"[39m
              [33mheight[39m=[32m"24"[39m
              [33mstroke[39m=[32m"currentColor"[39m
              [33mstroke-linecap[39m=[32m"round"[39m
              [33mstroke-linejoin[39m=[32m"round"[39m
              [33mstroke-width[39m=[32m"2"[39m
              [33mviewBox[39m=[32m"0 0 24 24"[39m
              [33mwidth[39m=[32m"24"[39m
              [33mxmlns[39m=[32m"http://www.w3.org/2000/svg"[39m
            [36m>[39m
              [36m<path[39m
                [33md[39m=[32m"M15.2 3a2 2 0 0 1 1.4.6l3.8 3.8a2 2 0 0 1 .6 
1.4V19a2 2 0 0 1-2 2H5a2 2 0 0 1-2-2V5a2 2 0 0 1 2-2z"[39m
              [36m/>[39m
              [36m<path[39m
                [33md[39m=[32m"M17 21v-7a1 1 0 0 0-1-1H8a1 1 0 0 0-1 1v7"[39m
              [36m/>[39m
              [36m<path[39m
                [33md[39m=[32m"M7 3v4a1 1 0 0 0 1 1h7"[39m
              [36m/>[39m
            [36m</svg>[39m
            [0mEnregistrer[0m
          [36m</button>[39m
        [36m</div>[39m
      [36m</div>[39m
      [36m<div[39m
        [33mclass[39m=[32m"flex-1 flex flex-col mx-4 overflow-hidden"[39m
        [33mdata-orientation[39m=[32m"horizontal"[39m
        [33mdir[39m=[32m"ltr"[39m
      [36m>[39m
        [36m<div[39m
          [33maria-orientation[39m=[32m"horizontal"[39m
          [33mclass[39m=[32m"inline-flex h-10 items-center justify-center 
rounded-md p-1 text-muted-foreground mb-2 bg-gray-100"[39m
          [33mdata-orientation[39m=[32m"horizontal"[39m
          [33mrole[39m=[32m"tablist"[39m
          [33mstyle[39m=[32m"outline: none;"[39m
          [33mtabindex[39m=[32m"0"[39m
        [36m>[39m
          [36m<button[39m
            [33maria-controls[39m=[32m"radix-:r2q:-content-visual"[39m
            [33maria-selected[39m=[32m"true"[39m
            [33mclass[39m=[32m"inline-flex items-center justify-center 
whitespace-nowrap rounded-sm px-3 py-1.5 text-sm font-medium 
ring-offset-background transition-all focus-visible:outline-none 
focus-visible:ring-2 focus-visible:ring-ring focus-visible:ring-offset-2 
disabled:pointer-events-none disabled:opacity-50 
data-[state=active]:bg-background data-[state=active]:text-foreground 
data-[state=active]:shadow-sm gap-2"[39m
            [33mdata-orientation[39m=[32m"horizontal"[39m
            [33mdata-radix-collection-item[39m=[32m""[39m
            [33mdata-state[39m=[32m"active"[39m
            [33mid[39m=[32m"radix-:r2q:-trigger-visual"[39m
            [33mrole[39m=[32m"tab"[39m
            [33mtabindex[39m=[32m"-1"[39m
            [33mtype[39m=[32m"button"[39m
          [36m>[39m
            [36m<svg[39m
              [33mclass[39m=[32m"lucide lucide-eye w-4 h-4"[39m
              [33mfill[39m=[32m"none"[39m
              [33mheight[39m=[32m"24"[39m
              [33mstroke[39m=[32m"currentColor"[39m
              [33mstroke-linecap[39m=[32m"round"[39m
              [33mstroke-linejoin[39m=[32m"round"[39m
              [33mstroke-width[39m=[32m"2"[39m
              [33mviewBox[39m=[32m"0 0 24 24"[39m
              [33mwidth[39m=[32m"24"[39m
              [33mxmlns[39m=[32m"http://www.w3.org/2000/svg"[39m
    ...

Ignored nodes: comments, script, style
[36m<body[39m
  [33mstyle[39m=[32m"font-family: Roboto;"[39m
[36m>[39m
  [36m<div>[39m
    [36m<div[39m
      [33mclass[39m=[32m"flex flex-col h-[calc(100vh-100px)] gap-4"[39m
    [36m>[39m
      [36m<div[39m
        [33mclass[39m=[32m"flex items-center justify-between p-4 
bg-gradient-to-r from-blue-50 to-indigo-50 border-b"[39m
      [36m>[39m
        [36m<div[39m
          [33mclass[39m=[32m"flex items-center gap-4"[39m
        [36m>[39m
          [36m<h2[39m
            [33mclass[39m=[32m"text-xl font-bold"[39m
          [36m>[39m
            [0mPage de Test[0m
          [36m</h2>[39m
          [36m<div[39m
            [33mclass[39m=[32m"inline-flex items-center rounded-full border 
px-2.5 py-0.5 text-xs font-semibold transition-colors focus:outline-none 
focus:ring-2 focus:ring-ring focus:ring-offset-2 text-foreground"[39m
          [36m>[39m
            [0mNon modifié[0m
          [36m</div>[39m
          [36m<div[39m
            [33mclass[39m=[32m"inline-flex items-center rounded-full border 
px-2.5 py-0.5 text-xs font-semibold transition-colors focus:outline-none 
focus:ring-2 focus:ring-ring focus:ring-offset-2 hover:bg-secondary/80 
text-green-600 border-green-200 bg-green-50"[39m
          [36m>[39m
            [36m<svg[39m
              [33mclass[39m=[32m"lucide lucide-circle-check w-3 h-3 mr-1"[39m
              [33mfill[39m=[32m"none"[39m
              [33mheight[39m=[32m"24"[39m
              [33mstroke[39m=[32m"currentColor"[39m
              [33mstroke-linecap[39m=[32m"round"[39m
              [33mstroke-linejoin[39m=[32m"round"[39m
              [33mstroke-width[39m=[32m"2"[39m
              [33mviewBox[39m=[32m"0 0 24 24"[39m
              [33mwidth[39m=[32m"24"[39m
              [33mxmlns[39m=[32m"http://www.w3.org/2000/svg"[39m
            [36m>[39m
              [36m<circle[39m
                [33mcx[39m=[32m"12"[39m
                [33mcy[39m=[32m"12"[39m
                [33mr[39m=[32m"10"[39m
              [36m/>[39m
              [36m<path[39m
                [33md[39m=[32m"m9 12 2 2 4-4"[39m
              [36m/>[39m
            [36m</svg>[39m
            [0mSynchro: [0m
            [0m06:14:08[0m
          [36m</div>[39m
        [36m</div>[39m
        [36m<div[39m
          [33mclass[39m=[32m"flex items-center gap-2"[39m
        [36m>[39m
          [36m<div[39m
            [33mclass[39m=[32m"flex items-center gap-2 mr-4"[39m
          [36m>[39m
            [36m<input[39m
              [33mchecked[39m=[32m""[39m
              [33mclass[39m=[32m"rounded"[39m
              [33mid[39m=[32m"auto-sync"[39m
              [33mtype[39m=[32m"checkbox"[39m
            [36m/>[39m
            [36m<label[39m
              [33mclass[39m=[32m"text-sm cursor-pointer"[39m
              [33mfor[39m=[32m"auto-sync"[39m
            [36m>[39m
              [0mAuto-sync[0m
            [36m</label>[39m
          [36m</div>[39m
          [36m<button[39m
            [33mclass[39m=[32m"inline-flex items-center justify-center gap-2 
whitespace-nowrap rounded-md text-sm font-medium ring-offset-background 
transition-colors focus-visible:outline-none focus-visible:ring-2 
focus-visible:ring-ring focus-visible:ring-offset-2 disabled:pointer-events-none 
disabled:opacity-50 [&_svg]:pointer-events-none [&_svg]:size-4 [&_svg]:shrink-0 
text-primary-foreground h-10 px-4 py-2 bg-blue-600 hover:bg-blue-700"[39m
          [36m>[39m
            [36m<svg[39m
              [33mclass[39m=[32m"lucide lucide-save w-4 h-4 mr-2"[39m
              [33mfill[39m=[32m"none"[39m
              [33mheight[39m=[32m"24"[39m
              [33mstroke[39m=[32m"currentColor"[39m
              [33mstroke-linecap[39m=[32m"round"[39m
              [33mstroke-linejoin[39m=[32m"round"[39m
              [33mstroke-width[39m=[32m"2"[39m
              [33mviewBox[39m=[32m"0 0 24 24"[39m
              [33mwidth[39m=[32m"24"[39m
              [33mxmlns[39m=[32m"http://www.w3.org/2000/svg"[39m
            [36m>[39m
              [36m<path[39m
                [33md[39m=[32m"M15.2 3a2 2 0 0 1 1.4.6l3.8 3.8a2 2 0 0 1 .6 
1.4V19a2 2 0 0 1-2 2H5a2 2 0 0 1-2-2V5a2 2 0 0 1 2-2z"[39m
              [36m/>[39m
              [36m<path[39m
                [33md[39m=[32m"M17 21v-7a1 1 0 0 0-1-1H8a1 1 0 0 0-1 1v7"[39m
              [36m/>[39m
              [36m<path[39m
                [33md[39m=[32m"M7 3v4a1 1 0 0 0 1 1h7"[39m
              [36m/>[39m
            [36m</svg>[39m
            [0mEnregistrer[0m
          [36m</button>[39m
        [36m</div>[39m
      [36m</div>[39m
      [36m<div[39m
        [33mclass[39m=[32m"flex-1 flex flex-col mx-4 overflow-hidden"[39m
        [33mdata-orientation[39m=[32m"horizontal"[39m
        [33mdir[39m=[32m"ltr"[39m
      [36m>[39m
        [36m<div[39m
          [33maria-orientation[39m=[32m"horizontal"[39m
          [33mclass[39m=[32m"inline-flex h-10 items-center justify-center 
rounded-md p-1 text-muted-foreground mb-2 bg-gray-100"[39m

[2m Test Files [22m [1m[31m1 failed[39m[22m[90m (1)[39m
[2m      Tests [22m [1m[31m7 failed[39m[22m[2m | [22m[1m[32m16 passed[39m[22m[90m (23)[39m
[2m   Start at [22m 06:14:00
[2m   Duration [22m 8.82s[2m (transform 304ms, setup 210ms, import 736ms, tests 6.72s, environment 954ms)[22m

          [33mdata-orientation[39m=[32m"horizontal"[39m
          [33mrole[39m=[32m"tablist"[39m
          [33mstyle[39m=[32m"outline: none;"[39m
          [33mtabindex[39m=[32m"0"[39m
        [36m>[39m
          [36m<button[39m
            [33maria-controls[39m=[32m"radix-:r2q:-content-visual"[39m
            [33maria-selected[39m=[32m"true"[39m
            [33mclass[39m=[32m"inline-flex items-center justify-center 
whitespace-nowrap rounded-sm px-3 py-1.5 text-sm font-medium 
ring-offset-background transition-all focus-visible:outline-none 
focus-visible:ring-2 focus-visible:ring-ring focus-visible:ring-offset-2 
disabled:pointer-events-none disabled:opacity-50 
data-[state=active]:bg-background data-[state=active]:text-foreground 
data-[state=active]:shadow-sm gap-2"[39m
            [33mdata-orientation[39m=[32m"horizontal"[39m
            [33mdata-radix-collection-item[39m=[32m""[39m
            [33mdata-state[39m=[32m"active"[39m
            [33mid[39m=[32m"radix-:r2q:-trigger-visual"[39m
            [33mrole[39m=[32m"tab"[39m
            [33mtabindex[39m=[32m"-1"[39m
            [33mtype[39m=[32m"button"[39m
          [36m>[39m
            [36m<svg[39m
              [33mclass[39m=[32m"lucide lucide-eye w-4 h-4"[39m
              [33mfill[39m=[32m"none"[39m
              [33mheight[39m=[32m"24"[39m
              [33mstroke[39m=[32m"currentColor"[39m
              [33mstroke-linecap[39m=[32m"round"[39m
              [33mstroke-linejoin[39m=[32m"round"[39m
              [33mstroke-width[39m=[32m"2"[39m
              [33mviewBox[39m=[32m"0 0 24 24"[39m
              [33mwidth[39m=[32m"24"[39m
              [33mxmlns[39m=[32m"http://www.w3.org/2000/svg"[39m
    ...
[90m [2m❯[22m waitForWrapper 
node_modules/@testing-library/dom/dist/wait-for.js:[2m163:27[22m[39m
[90m [2m❯[22m findByLabelText 
node_modules/@testing-library/dom/dist/query-helpers.js:[2m86:33[22m[39m
[36m [2m❯[22m src/components/admin/__tests__/AdvancedPageEditorSync.test.tsx:[
2m301:39[22m[39m
    [90m299| [39m
    [90m300| [39m      [90m// Faire une modification[39m
    [90m301| [39m      [35mconst[39m titleInput [33m=[39m [35mawait[39m 
screen[33m.[39m[34mfindByLabelText[39m([36m/titre/i[39m)[33m;[39m
    [90m   | [39m                                      [31m^[39m
    [90m302| [39m      [35mawait[39m 
user[33m.[39m[34mclear[39m(titleInput)[33m;[39m
    [90m303| [39m      [35mawait[39m 
user[33m.[39m[34mtype[39m(titleInput[33m,[39m [32m'Titre 
Sauvegardé'[39m)[33m;[39m

[31m[2m⎯⎯⎯⎯⎯⎯⎯⎯⎯⎯⎯⎯⎯⎯⎯⎯⎯⎯⎯⎯⎯⎯⎯⎯[7/7]⎯[22m[39m

